ARM GAS  C:\Users\hari\AppData\Local\Temp\ccLJ2FdK.s 			page 1


   1              		.syntax unified
   2              		.cpu cortex-m3
   3              		.fpu softvfp
   4              		.eabi_attribute 20, 1
   5              		.eabi_attribute 21, 1
   6              		.eabi_attribute 23, 3
   7              		.eabi_attribute 24, 1
   8              		.eabi_attribute 25, 1
   9              		.eabi_attribute 26, 1
  10              		.eabi_attribute 30, 1
  11              		.eabi_attribute 34, 1
  12              		.eabi_attribute 18, 4
  13              		.thumb
  14              		.file	"LCD_Seg_1_INT.c"
  15              		.text
  16              	.Ltext0:
  17              		.cfi_sections	.debug_frame
  18              		.section	.text.LCD_Seg_1_ISR,"ax",%progbits
  19              		.align	2
  20              		.global	LCD_Seg_1_ISR
  21              		.thumb
  22              		.thumb_func
  23              		.type	LCD_Seg_1_ISR, %function
  24              	LCD_Seg_1_ISR:
  25              	.LFB0:
  26              		.file 1 ".\\Generated_Source\\PSoC5\\LCD_Seg_1_INT.c"
   1:.\Generated_Source\PSoC5/LCD_Seg_1_INT.c **** /*******************************************************************************
   2:.\Generated_Source\PSoC5/LCD_Seg_1_INT.c **** * File Name: LCD_Seg_1_INT.c
   3:.\Generated_Source\PSoC5/LCD_Seg_1_INT.c **** * Version 3.40
   4:.\Generated_Source\PSoC5/LCD_Seg_1_INT.c **** *
   5:.\Generated_Source\PSoC5/LCD_Seg_1_INT.c **** * Description:
   6:.\Generated_Source\PSoC5/LCD_Seg_1_INT.c **** *  This file contains the Interrupt Service Routine (ISR) for the Segment LCD
   7:.\Generated_Source\PSoC5/LCD_Seg_1_INT.c **** *  Component.
   8:.\Generated_Source\PSoC5/LCD_Seg_1_INT.c **** *
   9:.\Generated_Source\PSoC5/LCD_Seg_1_INT.c **** ********************************************************************************
  10:.\Generated_Source\PSoC5/LCD_Seg_1_INT.c **** * Copyright 2008-2011, Cypress Semiconductor Corporation.  All rights reserved.
  11:.\Generated_Source\PSoC5/LCD_Seg_1_INT.c **** * You may use this file only in accordance with the license, terms, conditions,
  12:.\Generated_Source\PSoC5/LCD_Seg_1_INT.c **** * disclaimers, and limitations in the end user license agreement accompanying
  13:.\Generated_Source\PSoC5/LCD_Seg_1_INT.c **** * the software package with which this file was provided.
  14:.\Generated_Source\PSoC5/LCD_Seg_1_INT.c **** *******************************************************************************/
  15:.\Generated_Source\PSoC5/LCD_Seg_1_INT.c **** 
  16:.\Generated_Source\PSoC5/LCD_Seg_1_INT.c **** #include "LCD_Seg_1.h"
  17:.\Generated_Source\PSoC5/LCD_Seg_1_INT.c **** 
  18:.\Generated_Source\PSoC5/LCD_Seg_1_INT.c **** 
  19:.\Generated_Source\PSoC5/LCD_Seg_1_INT.c **** /*`#START START_USER_DECLARATIONS`*/
  20:.\Generated_Source\PSoC5/LCD_Seg_1_INT.c **** 
  21:.\Generated_Source\PSoC5/LCD_Seg_1_INT.c **** /*`#END`*/
  22:.\Generated_Source\PSoC5/LCD_Seg_1_INT.c **** 
  23:.\Generated_Source\PSoC5/LCD_Seg_1_INT.c **** 
  24:.\Generated_Source\PSoC5/LCD_Seg_1_INT.c **** /******************************************************************************
  25:.\Generated_Source\PSoC5/LCD_Seg_1_INT.c **** * Function Name: LCD_Seg_1_ISR
  26:.\Generated_Source\PSoC5/LCD_Seg_1_INT.c **** *******************************************************************************
  27:.\Generated_Source\PSoC5/LCD_Seg_1_INT.c **** *
  28:.\Generated_Source\PSoC5/LCD_Seg_1_INT.c **** * Summary:
  29:.\Generated_Source\PSoC5/LCD_Seg_1_INT.c **** *  This ISR is executed when the sub-frame completion event occurs. Both
  30:.\Generated_Source\PSoC5/LCD_Seg_1_INT.c **** *  global interrupts and component interrupts must be enabled to invoke this
  31:.\Generated_Source\PSoC5/LCD_Seg_1_INT.c **** *  ISR.
ARM GAS  C:\Users\hari\AppData\Local\Temp\ccLJ2FdK.s 			page 2


  32:.\Generated_Source\PSoC5/LCD_Seg_1_INT.c **** *
  33:.\Generated_Source\PSoC5/LCD_Seg_1_INT.c **** * Parameters:
  34:.\Generated_Source\PSoC5/LCD_Seg_1_INT.c **** *  None.
  35:.\Generated_Source\PSoC5/LCD_Seg_1_INT.c **** *
  36:.\Generated_Source\PSoC5/LCD_Seg_1_INT.c **** * Return:
  37:.\Generated_Source\PSoC5/LCD_Seg_1_INT.c **** *  None.
  38:.\Generated_Source\PSoC5/LCD_Seg_1_INT.c **** *
  39:.\Generated_Source\PSoC5/LCD_Seg_1_INT.c **** * Reentrant:
  40:.\Generated_Source\PSoC5/LCD_Seg_1_INT.c **** *  No.
  41:.\Generated_Source\PSoC5/LCD_Seg_1_INT.c **** *
  42:.\Generated_Source\PSoC5/LCD_Seg_1_INT.c **** ******************************************************************************/
  43:.\Generated_Source\PSoC5/LCD_Seg_1_INT.c **** CY_ISR(LCD_Seg_1_ISR)
  44:.\Generated_Source\PSoC5/LCD_Seg_1_INT.c **** {
  27              		.loc 1 44 0
  28              		.cfi_startproc
  29              		@ args = 0, pretend = 0, frame = 0
  30              		@ frame_needed = 0, uses_anonymous_args = 0
  31              		@ link register save eliminated.
  32 0000 7047     		bx	lr
  33              		.cfi_endproc
  34              	.LFE0:
  35              		.size	LCD_Seg_1_ISR, .-LCD_Seg_1_ISR
  36 0002 00BF     		.section	.text.LCD_Seg_1_WAKEUP_ISR,"ax",%progbits
  37              		.align	2
  38              		.global	LCD_Seg_1_WAKEUP_ISR
  39              		.thumb
  40              		.thumb_func
  41              		.type	LCD_Seg_1_WAKEUP_ISR, %function
  42              	LCD_Seg_1_WAKEUP_ISR:
  43              	.LFB1:
  45:.\Generated_Source\PSoC5/LCD_Seg_1_INT.c ****     #ifdef LCD_Seg_1_ISR_INTERRUPT_CALLBACK
  46:.\Generated_Source\PSoC5/LCD_Seg_1_INT.c ****         LCD_Seg_1_ISR_InterruptCallback();
  47:.\Generated_Source\PSoC5/LCD_Seg_1_INT.c ****     #endif /* LCD_Seg_1_ISR_INTERRUPT_CALLBACK */
  48:.\Generated_Source\PSoC5/LCD_Seg_1_INT.c ****     
  49:.\Generated_Source\PSoC5/LCD_Seg_1_INT.c ****     /* User code required for ISR */
  50:.\Generated_Source\PSoC5/LCD_Seg_1_INT.c ****     /*`#START START_ISR`*/
  51:.\Generated_Source\PSoC5/LCD_Seg_1_INT.c **** 
  52:.\Generated_Source\PSoC5/LCD_Seg_1_INT.c ****     /*`#END`*/
  53:.\Generated_Source\PSoC5/LCD_Seg_1_INT.c **** }
  54:.\Generated_Source\PSoC5/LCD_Seg_1_INT.c **** 
  55:.\Generated_Source\PSoC5/LCD_Seg_1_INT.c **** 
  56:.\Generated_Source\PSoC5/LCD_Seg_1_INT.c **** /******************************************************************************
  57:.\Generated_Source\PSoC5/LCD_Seg_1_INT.c **** * Function Name: LCD_Seg_1_WAKEUP_ISR
  58:.\Generated_Source\PSoC5/LCD_Seg_1_INT.c **** *******************************************************************************
  59:.\Generated_Source\PSoC5/LCD_Seg_1_INT.c **** *
  60:.\Generated_Source\PSoC5/LCD_Seg_1_INT.c **** * Summary:
  61:.\Generated_Source\PSoC5/LCD_Seg_1_INT.c **** *  This ISR is executed when LCD timer generates an wakeup interrupt. PSoC 5
  62:.\Generated_Source\PSoC5/LCD_Seg_1_INT.c **** *  core (Cortex M3) requires an ISR to be able to wakeup from Sleep mode.
  63:.\Generated_Source\PSoC5/LCD_Seg_1_INT.c **** *
  64:.\Generated_Source\PSoC5/LCD_Seg_1_INT.c **** * Parameters:
  65:.\Generated_Source\PSoC5/LCD_Seg_1_INT.c **** *  None.
  66:.\Generated_Source\PSoC5/LCD_Seg_1_INT.c **** *
  67:.\Generated_Source\PSoC5/LCD_Seg_1_INT.c **** * Return:
  68:.\Generated_Source\PSoC5/LCD_Seg_1_INT.c **** *  None.
  69:.\Generated_Source\PSoC5/LCD_Seg_1_INT.c **** *
  70:.\Generated_Source\PSoC5/LCD_Seg_1_INT.c **** * Reentrant:
  71:.\Generated_Source\PSoC5/LCD_Seg_1_INT.c **** *  No.
ARM GAS  C:\Users\hari\AppData\Local\Temp\ccLJ2FdK.s 			page 3


  72:.\Generated_Source\PSoC5/LCD_Seg_1_INT.c **** *
  73:.\Generated_Source\PSoC5/LCD_Seg_1_INT.c **** ******************************************************************************/
  74:.\Generated_Source\PSoC5/LCD_Seg_1_INT.c **** CY_ISR(LCD_Seg_1_WAKEUP_ISR)
  75:.\Generated_Source\PSoC5/LCD_Seg_1_INT.c **** {
  44              		.loc 1 75 0
  45              		.cfi_startproc
  46              		@ args = 0, pretend = 0, frame = 0
  47              		@ frame_needed = 0, uses_anonymous_args = 0
  48              		@ link register save eliminated.
  49 0000 7047     		bx	lr
  50              		.cfi_endproc
  51              	.LFE1:
  52              		.size	LCD_Seg_1_WAKEUP_ISR, .-LCD_Seg_1_WAKEUP_ISR
  53 0002 00BF     		.text
  54              	.Letext0:
  55              		.section	.debug_info,"",%progbits
  56              	.Ldebug_info0:
  57 0000 A6000000 		.4byte	0xa6
  58 0004 0400     		.2byte	0x4
  59 0006 00000000 		.4byte	.Ldebug_abbrev0
  60 000a 04       		.byte	0x4
  61 000b 01       		.uleb128 0x1
  62 000c 9B000000 		.4byte	.LASF15
  63 0010 01       		.byte	0x1
  64 0011 1B000000 		.4byte	.LASF16
  65 0015 44000000 		.4byte	.LASF17
  66 0019 00000000 		.4byte	.Ldebug_ranges0+0
  67 001d 00000000 		.4byte	0
  68 0021 00000000 		.4byte	.Ldebug_line0
  69 0025 02       		.uleb128 0x2
  70 0026 01       		.byte	0x1
  71 0027 06       		.byte	0x6
  72 0028 74010000 		.4byte	.LASF0
  73 002c 02       		.uleb128 0x2
  74 002d 01       		.byte	0x1
  75 002e 08       		.byte	0x8
  76 002f 29010000 		.4byte	.LASF1
  77 0033 02       		.uleb128 0x2
  78 0034 02       		.byte	0x2
  79 0035 05       		.byte	0x5
  80 0036 86010000 		.4byte	.LASF2
  81 003a 02       		.uleb128 0x2
  82 003b 02       		.byte	0x2
  83 003c 07       		.byte	0x7
  84 003d 61010000 		.4byte	.LASF3
  85 0041 02       		.uleb128 0x2
  86 0042 04       		.byte	0x4
  87 0043 05       		.byte	0x5
  88 0044 3C010000 		.4byte	.LASF4
  89 0048 02       		.uleb128 0x2
  90 0049 04       		.byte	0x4
  91 004a 07       		.byte	0x7
  92 004b 72000000 		.4byte	.LASF5
  93 004f 02       		.uleb128 0x2
  94 0050 08       		.byte	0x8
  95 0051 05       		.byte	0x5
  96 0052 00000000 		.4byte	.LASF6
ARM GAS  C:\Users\hari\AppData\Local\Temp\ccLJ2FdK.s 			page 4


  97 0056 02       		.uleb128 0x2
  98 0057 08       		.byte	0x8
  99 0058 07       		.byte	0x7
 100 0059 84000000 		.4byte	.LASF7
 101 005d 03       		.uleb128 0x3
 102 005e 04       		.byte	0x4
 103 005f 05       		.byte	0x5
 104 0060 696E7400 		.ascii	"int\000"
 105 0064 02       		.uleb128 0x2
 106 0065 04       		.byte	0x4
 107 0066 07       		.byte	0x7
 108 0067 0E000000 		.4byte	.LASF8
 109 006b 02       		.uleb128 0x2
 110 006c 04       		.byte	0x4
 111 006d 04       		.byte	0x4
 112 006e 80010000 		.4byte	.LASF9
 113 0072 02       		.uleb128 0x2
 114 0073 08       		.byte	0x8
 115 0074 04       		.byte	0x4
 116 0075 45010000 		.4byte	.LASF10
 117 0079 02       		.uleb128 0x2
 118 007a 01       		.byte	0x1
 119 007b 08       		.byte	0x8
 120 007c 37010000 		.4byte	.LASF11
 121 0080 02       		.uleb128 0x2
 122 0081 04       		.byte	0x4
 123 0082 07       		.byte	0x7
 124 0083 9E010000 		.4byte	.LASF12
 125 0087 04       		.uleb128 0x4
 126 0088 90010000 		.4byte	.LASF13
 127 008c 01       		.byte	0x1
 128 008d 2B       		.byte	0x2b
 129 008e 00000000 		.4byte	.LFB0
 130 0092 02000000 		.4byte	.LFE0-.LFB0
 131 0096 01       		.uleb128 0x1
 132 0097 9C       		.byte	0x9c
 133 0098 04       		.uleb128 0x4
 134 0099 4C010000 		.4byte	.LASF14
 135 009d 01       		.byte	0x1
 136 009e 4A       		.byte	0x4a
 137 009f 00000000 		.4byte	.LFB1
 138 00a3 02000000 		.4byte	.LFE1-.LFB1
 139 00a7 01       		.uleb128 0x1
 140 00a8 9C       		.byte	0x9c
 141 00a9 00       		.byte	0
 142              		.section	.debug_abbrev,"",%progbits
 143              	.Ldebug_abbrev0:
 144 0000 01       		.uleb128 0x1
 145 0001 11       		.uleb128 0x11
 146 0002 01       		.byte	0x1
 147 0003 25       		.uleb128 0x25
 148 0004 0E       		.uleb128 0xe
 149 0005 13       		.uleb128 0x13
 150 0006 0B       		.uleb128 0xb
 151 0007 03       		.uleb128 0x3
 152 0008 0E       		.uleb128 0xe
 153 0009 1B       		.uleb128 0x1b
ARM GAS  C:\Users\hari\AppData\Local\Temp\ccLJ2FdK.s 			page 5


 154 000a 0E       		.uleb128 0xe
 155 000b 55       		.uleb128 0x55
 156 000c 17       		.uleb128 0x17
 157 000d 11       		.uleb128 0x11
 158 000e 01       		.uleb128 0x1
 159 000f 10       		.uleb128 0x10
 160 0010 17       		.uleb128 0x17
 161 0011 00       		.byte	0
 162 0012 00       		.byte	0
 163 0013 02       		.uleb128 0x2
 164 0014 24       		.uleb128 0x24
 165 0015 00       		.byte	0
 166 0016 0B       		.uleb128 0xb
 167 0017 0B       		.uleb128 0xb
 168 0018 3E       		.uleb128 0x3e
 169 0019 0B       		.uleb128 0xb
 170 001a 03       		.uleb128 0x3
 171 001b 0E       		.uleb128 0xe
 172 001c 00       		.byte	0
 173 001d 00       		.byte	0
 174 001e 03       		.uleb128 0x3
 175 001f 24       		.uleb128 0x24
 176 0020 00       		.byte	0
 177 0021 0B       		.uleb128 0xb
 178 0022 0B       		.uleb128 0xb
 179 0023 3E       		.uleb128 0x3e
 180 0024 0B       		.uleb128 0xb
 181 0025 03       		.uleb128 0x3
 182 0026 08       		.uleb128 0x8
 183 0027 00       		.byte	0
 184 0028 00       		.byte	0
 185 0029 04       		.uleb128 0x4
 186 002a 2E       		.uleb128 0x2e
 187 002b 00       		.byte	0
 188 002c 3F       		.uleb128 0x3f
 189 002d 19       		.uleb128 0x19
 190 002e 03       		.uleb128 0x3
 191 002f 0E       		.uleb128 0xe
 192 0030 3A       		.uleb128 0x3a
 193 0031 0B       		.uleb128 0xb
 194 0032 3B       		.uleb128 0x3b
 195 0033 0B       		.uleb128 0xb
 196 0034 27       		.uleb128 0x27
 197 0035 19       		.uleb128 0x19
 198 0036 11       		.uleb128 0x11
 199 0037 01       		.uleb128 0x1
 200 0038 12       		.uleb128 0x12
 201 0039 06       		.uleb128 0x6
 202 003a 40       		.uleb128 0x40
 203 003b 18       		.uleb128 0x18
 204 003c 9742     		.uleb128 0x2117
 205 003e 19       		.uleb128 0x19
 206 003f 00       		.byte	0
 207 0040 00       		.byte	0
 208 0041 00       		.byte	0
 209              		.section	.debug_aranges,"",%progbits
 210 0000 24000000 		.4byte	0x24
ARM GAS  C:\Users\hari\AppData\Local\Temp\ccLJ2FdK.s 			page 6


 211 0004 0200     		.2byte	0x2
 212 0006 00000000 		.4byte	.Ldebug_info0
 213 000a 04       		.byte	0x4
 214 000b 00       		.byte	0
 215 000c 0000     		.2byte	0
 216 000e 0000     		.2byte	0
 217 0010 00000000 		.4byte	.LFB0
 218 0014 02000000 		.4byte	.LFE0-.LFB0
 219 0018 00000000 		.4byte	.LFB1
 220 001c 02000000 		.4byte	.LFE1-.LFB1
 221 0020 00000000 		.4byte	0
 222 0024 00000000 		.4byte	0
 223              		.section	.debug_ranges,"",%progbits
 224              	.Ldebug_ranges0:
 225 0000 00000000 		.4byte	.LFB0
 226 0004 02000000 		.4byte	.LFE0
 227 0008 00000000 		.4byte	.LFB1
 228 000c 02000000 		.4byte	.LFE1
 229 0010 00000000 		.4byte	0
 230 0014 00000000 		.4byte	0
 231              		.section	.debug_line,"",%progbits
 232              	.Ldebug_line0:
 233 0000 64000000 		.section	.debug_str,"MS",%progbits,1
 233      02003F00 
 233      00000201 
 233      FB0E0D00 
 233      01010101 
 234              	.LASF6:
 235 0000 6C6F6E67 		.ascii	"long long int\000"
 235      206C6F6E 
 235      6720696E 
 235      7400
 236              	.LASF8:
 237 000e 756E7369 		.ascii	"unsigned int\000"
 237      676E6564 
 237      20696E74 
 237      00
 238              	.LASF16:
 239 001b 2E5C4765 		.ascii	".\\Generated_Source\\PSoC5\\LCD_Seg_1_INT.c\000"
 239      6E657261 
 239      7465645F 
 239      536F7572 
 239      63655C50 
 240              	.LASF17:
 241 0044 453A5C70 		.ascii	"E:\\psoc\\LEDMatrix_Video\\LEDMatrix_Video.cydsn\000"
 241      736F635C 
 241      4C45444D 
 241      61747269 
 241      785F5669 
 242              	.LASF5:
 243 0072 6C6F6E67 		.ascii	"long unsigned int\000"
 243      20756E73 
 243      69676E65 
 243      6420696E 
 243      7400
 244              	.LASF7:
 245 0084 6C6F6E67 		.ascii	"long long unsigned int\000"
ARM GAS  C:\Users\hari\AppData\Local\Temp\ccLJ2FdK.s 			page 7


 245      206C6F6E 
 245      6720756E 
 245      7369676E 
 245      65642069 
 246              	.LASF15:
 247 009b 474E5520 		.ascii	"GNU C 4.9.3 20150303 (release) [ARM/embedded-4_9-br"
 247      4320342E 
 247      392E3320 
 247      32303135 
 247      30333033 
 248 00ce 616E6368 		.ascii	"anch revision 221220] -mcpu=cortex-m3 -mthumb -g -O"
 248      20726576 
 248      6973696F 
 248      6E203232 
 248      31323230 
 249 0101 67202D66 		.ascii	"g -ffunction-sections -ffat-lto-objects\000"
 249      66756E63 
 249      74696F6E 
 249      2D736563 
 249      74696F6E 
 250              	.LASF1:
 251 0129 756E7369 		.ascii	"unsigned char\000"
 251      676E6564 
 251      20636861 
 251      7200
 252              	.LASF11:
 253 0137 63686172 		.ascii	"char\000"
 253      00
 254              	.LASF4:
 255 013c 6C6F6E67 		.ascii	"long int\000"
 255      20696E74 
 255      00
 256              	.LASF10:
 257 0145 646F7562 		.ascii	"double\000"
 257      6C6500
 258              	.LASF14:
 259 014c 4C43445F 		.ascii	"LCD_Seg_1_WAKEUP_ISR\000"
 259      5365675F 
 259      315F5741 
 259      4B455550 
 259      5F495352 
 260              	.LASF3:
 261 0161 73686F72 		.ascii	"short unsigned int\000"
 261      7420756E 
 261      7369676E 
 261      65642069 
 261      6E7400
 262              	.LASF0:
 263 0174 7369676E 		.ascii	"signed char\000"
 263      65642063 
 263      68617200 
 264              	.LASF9:
 265 0180 666C6F61 		.ascii	"float\000"
 265      7400
 266              	.LASF2:
 267 0186 73686F72 		.ascii	"short int\000"
 267      7420696E 
ARM GAS  C:\Users\hari\AppData\Local\Temp\ccLJ2FdK.s 			page 8


 267      7400
 268              	.LASF13:
 269 0190 4C43445F 		.ascii	"LCD_Seg_1_ISR\000"
 269      5365675F 
 269      315F4953 
 269      5200
 270              	.LASF12:
 271 019e 73697A65 		.ascii	"sizetype\000"
 271      74797065 
 271      00
 272              		.ident	"GCC: (GNU Tools for ARM Embedded Processors) 4.9.3 20150303 (release) [ARM/embedded-4_9-br
