C51 COMPILER V9.03   RADIO                                                                 08/24/2012 15:51:45 PAGE 1   


C51 COMPILER V9.03, COMPILATION OF MODULE RADIO
OBJECT MODULE PLACED IN .\DP8051\DP8051_Keil_903\Debug\Radio.obj
COMPILER INVOKED BY: C:\Program Files (x86)\Cypress\PSoC Creator\2.0\PSoC Creator\import\keil\pk51\9.03\C51\BIN\c51.exe 
                    -.\Radio.c NOIV LARGE MODDP2 OMF2 VB(1) PR(.\DP8051\DP8051_Keil_903\Debug\Radio.lst) CD DB NOIP OT(2,SIZE) INCDIR(Generat
                    -ed_Source\PSoC3) OJ(.\DP8051\DP8051_Keil_903\Debug\Radio.obj)

line level    source

   1          
   2          #include <device.h>
   3          #include "RadioRegs.h"
   4          #include "Radio.h"
   5          #include "RadioControl.h"
   6          
   7          void RadioSetChannel(uint8 Channel)
   8          {
   9   1              Channel +=  2;                          
  10   1              // Compensate for TX OFFSET 
  11   1              if (Channel > 0)
  12   1                      --Channel;                              
  13   1              RadioWrite( CHANNEL_ADR, Channel );
  14   1      }
  15          
  16          uint8 RadioGetChannel(void)
  17          {
  18   1              return (RadioRead(CHANNEL_ADR) - 1);
  19   1      }
*** WARNING C316 IN LINE 19 OF .\Radio.c: unterminated conditionals
C51 COMPILER V9.03   RADIO                                                                 08/24/2012 15:51:45 PAGE 2   

ASSEMBLY LISTING OF GENERATED OBJECT CODE


             ; FUNCTION _RadioSetChannel (BEGIN)
                                           ; SOURCE LINE # 7
0000 900000      R     MOV     DPTR,#Channel
0003 EF                MOV     A,R7
0004 F0                MOVX    @DPTR,A
                                           ; SOURCE LINE # 8
                                           ; SOURCE LINE # 9
0005 900000      R     MOV     DPTR,#Channel
0008 E0                MOVX    A,@DPTR
0009 2402              ADD     A,#02H
000B F0                MOVX    @DPTR,A
                                           ; SOURCE LINE # 11
000C 900000      R     MOV     DPTR,#Channel
000F E0                MOVX    A,@DPTR
0010 FF                MOV     R7,A
0011 EF                MOV     A,R7
0012 D3                SETB    C
0013 9400              SUBB    A,#00H
0015 4006              JC      ?C0001
                                           ; SOURCE LINE # 12
0017 900000      R     MOV     DPTR,#Channel
001A E0                MOVX    A,@DPTR
001B 14                DEC     A
001C F0                MOVX    @DPTR,A
001D         ?C0001:
                                           ; SOURCE LINE # 13
001D 900000      R     MOV     DPTR,#Channel
0020 E0                MOVX    A,@DPTR
0021 FD                MOV     R5,A
0022 7F00              MOV     R7,#00H
0024 120000      E     LCALL   _RadioWrite
                                           ; SOURCE LINE # 14
0027 22                RET     
             ; FUNCTION _RadioSetChannel (END)

             ; FUNCTION RadioGetChannel (BEGIN)
                                           ; SOURCE LINE # 16
                                           ; SOURCE LINE # 17
                                           ; SOURCE LINE # 18
0000 7F00              MOV     R7,#00H
0002 120000      E     LCALL   _RadioRead
0005 C3                CLR     C
0006 EF                MOV     A,R7
0007 9401              SUBB    A,#01H
0009 FF                MOV     R7,A
                                           ; SOURCE LINE # 19
000A         ?C0003:
000A 22                RET     
             ; FUNCTION RadioGetChannel (END)



MODULE INFORMATION:   STATIC OVERLAYABLE
   CODE SIZE        =     51    ----
   CONSTANT SIZE    =   ----    ----
   XDATA SIZE       =   ----       1
   PDATA SIZE       =   ----    ----
   DATA SIZE        =   ----    ----
   IDATA SIZE       =   ----    ----
C51 COMPILER V9.03   RADIO                                                                 08/24/2012 15:51:45 PAGE 3   

   BIT SIZE         =   ----    ----
   EDATA SIZE       =   ----    ----
   HDATA SIZE       =   ----    ----
   XDATA CONST SIZE =   ----    ----
   FAR CONST SIZE   =   ----    ----
END OF MODULE INFORMATION.


C51 COMPILATION COMPLETE.  1 WARNING(S),  0 ERROR(S)
