Archive member included because of file (symbol)

.\ARM_GCC_493\Debug\CE95277 ADC and UART.a(cyfitter_cfg.o)
                              .\ARM_GCC_493\Debug\Cm3Start.o (cyfitter_cfg)
.\ARM_GCC_493\Debug\CE95277 ADC and UART.a(ADC_DelSig_1.o)
                              .\ARM_GCC_493\Debug\main.o (ADC_DelSig_1_Start)
.\ARM_GCC_493\Debug\CE95277 ADC and UART.a(ADC_DelSig_1_INT.o)
                              .\ARM_GCC_493\Debug\CE95277 ADC and UART.a(ADC_DelSig_1.o) (ADC_DelSig_1_ISR1)
.\ARM_GCC_493\Debug\CE95277 ADC and UART.a(UART_1.o)
                              .\ARM_GCC_493\Debug\main.o (UART_1_Start)
.\ARM_GCC_493\Debug\CE95277 ADC and UART.a(ADC_DelSig_1_AMux.o)
                              .\ARM_GCC_493\Debug\CE95277 ADC and UART.a(ADC_DelSig_1.o) (ADC_DelSig_1_AMux_Select)
.\ARM_GCC_493\Debug\CE95277 ADC and UART.a(ADC_DelSig_1_Ext_CP_Clk.o)
                              .\ARM_GCC_493\Debug\CE95277 ADC and UART.a(ADC_DelSig_1.o) (ADC_DelSig_1_Ext_CP_Clk_SetDividerRegister)
.\ARM_GCC_493\Debug\CE95277 ADC and UART.a(ADC_DelSig_1_theACLK.o)
                              .\ARM_GCC_493\Debug\CE95277 ADC and UART.a(ADC_DelSig_1.o) (ADC_DelSig_1_theACLK_SetDividerRegister)
.\ARM_GCC_493\Debug\CE95277 ADC and UART.a(UART_1_IntClock.o)
                              .\ARM_GCC_493\Debug\CE95277 ADC and UART.a(UART_1.o) (UART_1_IntClock_Start)
.\ARM_GCC_493\Debug\CE95277 ADC and UART.a(CyBootAsmGnu.o)
                              .\ARM_GCC_493\Debug\CE95277 ADC and UART.a(cyfitter_cfg.o) (CyDelayCycles)
.\ARM_GCC_493\Debug\CE95277 ADC and UART.a(CyLib.o)
                              .\ARM_GCC_493\Debug\Cm3Start.o (CyResetStatus)
.\ARM_GCC_493\Debug\CE95277 ADC and UART.a(cyPm.o)
                              .\ARM_GCC_493\Debug\CE95277 ADC and UART.a(CyLib.o) (CyPmReadStatus)
.\ARM_GCC_493\Debug\CE95277 ADC and UART.a(led.o)
                              .\ARM_GCC_493\Debug\main.o (led_Write)
.\ARM_GCC_493\Debug\CE95277 ADC and UART.a(CyFlash.o)
                              .\ARM_GCC_493\Debug\CE95277 ADC and UART.a(cyPm.o) (CyFlash_SetWaitCycles)
.\ARM_GCC_493\Debug\CE95277 ADC and UART.a(CySpc.o)
                              .\ARM_GCC_493\Debug\CE95277 ADC and UART.a(CyFlash.o) (CySpcStart)
c:/program files/cypress/psoc creator/3.3/psoc creator/import/gnu/arm/4.9.3/bin/../lib/gcc/arm-none-eabi/4.9.3/armv7-m\libgcc.a(_arm_addsubdf3.o)
                              .\ARM_GCC_493\Debug\CE95277 ADC and UART.a(ADC_DelSig_1.o) (__aeabi_f2d)
c:/program files/cypress/psoc creator/3.3/psoc creator/import/gnu/arm/4.9.3/bin/../lib/gcc/arm-none-eabi/4.9.3/armv7-m\libgcc.a(_arm_cmpdf2.o)
                              .\ARM_GCC_493\Debug\CE95277 ADC and UART.a(ADC_DelSig_1.o) (__aeabi_dcmpgt)
c:/program files/cypress/psoc creator/3.3/psoc creator/import/gnu/arm/4.9.3/bin/../lib/gcc/arm-none-eabi/4.9.3/armv7-m\libgcc.a(_arm_addsubsf3.o)
                              .\ARM_GCC_493\Debug\CE95277 ADC and UART.a(ADC_DelSig_1.o) (__aeabi_ui2f)
c:/program files/cypress/psoc creator/3.3/psoc creator/import/gnu/arm/4.9.3/bin/../lib/gcc/arm-none-eabi/4.9.3/armv7-m\libgcc.a(_arm_muldivsf3.o)
                              .\ARM_GCC_493\Debug\CE95277 ADC and UART.a(ADC_DelSig_1.o) (__aeabi_fmul)
c:/program files/cypress/psoc creator/3.3/psoc creator/import/gnu/arm/4.9.3/bin/../lib/gcc/arm-none-eabi/4.9.3/armv7-m\libgcc.a(_arm_fixunssfsi.o)
                              .\ARM_GCC_493\Debug\CE95277 ADC and UART.a(ADC_DelSig_1.o) (__aeabi_f2uiz)
c:/program files/cypress/psoc creator/3.3/psoc creator/import/gnu/arm/4.9.3/bin/../lib/gcc/arm-none-eabi/4.9.3/../../../../arm-none-eabi/lib/armv7-m\libg_nano.a(lib_a-errno.o)
                              .\ARM_GCC_493\Debug\Cm3Start.o (__errno)
c:/program files/cypress/psoc creator/3.3/psoc creator/import/gnu/arm/4.9.3/bin/../lib/gcc/arm-none-eabi/4.9.3/../../../../arm-none-eabi/lib/armv7-m\libg_nano.a(lib_a-exit.o)
                              c:/program files/cypress/psoc creator/3.3/psoc creator/import/gnu/arm/4.9.3/bin/../lib/gcc/arm-none-eabi/4.9.3/../../../../arm-none-eabi/lib/armv7-m/crt0.o (exit)
c:/program files/cypress/psoc creator/3.3/psoc creator/import/gnu/arm/4.9.3/bin/../lib/gcc/arm-none-eabi/4.9.3/../../../../arm-none-eabi/lib/armv7-m\libg_nano.a(lib_a-impure.o)
                              c:/program files/cypress/psoc creator/3.3/psoc creator/import/gnu/arm/4.9.3/bin/../lib/gcc/arm-none-eabi/4.9.3/../../../../arm-none-eabi/lib/armv7-m\libg_nano.a(lib_a-exit.o) (_global_impure_ptr)
c:/program files/cypress/psoc creator/3.3/psoc creator/import/gnu/arm/4.9.3/bin/../lib/gcc/arm-none-eabi/4.9.3/../../../../arm-none-eabi/lib/armv7-m\libg_nano.a(lib_a-init.o)
                              c:/program files/cypress/psoc creator/3.3/psoc creator/import/gnu/arm/4.9.3/bin/../lib/gcc/arm-none-eabi/4.9.3/../../../../arm-none-eabi/lib/armv7-m/crt0.o (__libc_init_array)
[...]
Memory Configuration

Name             Origin             Length             Attributes
rom              0x00000000         0x00040000         xr
ram              0x1fff8000         0x00010000         xrw
*default*        0x00000000         0xffffffff

Linker script and memory map

LOAD c:/program files/cypress/psoc creator/3.3/psoc creator/import/gnu/arm/4.9.3/bin/../lib/gcc/arm-none-eabi/4.9.3/armv7-m/crti.o
LOAD c:/program files/cypress/psoc creator/3.3/psoc creator/import/gnu/arm/4.9.3/bin/../lib/gcc/arm-none-eabi/4.9.3/armv7-m/crtbegin.o
LOAD c:/program files/cypress/psoc creator/3.3/psoc creator/import/gnu/arm/4.9.3/bin/../lib/gcc/arm-none-eabi/4.9.3/../../../../arm-none-eabi/lib/armv7-m/crt0.o
START GROUP
LOAD .\ARM_GCC_493\Debug\main.o
LOAD .\ARM_GCC_493\Debug\cymetadata.o
LOAD .\ARM_GCC_493\Debug\Cm3Start.o
LOAD .\ARM_GCC_493\Debug\CE95277 ADC and UART.a
LOAD C:\Program Files\Cypress\PSoC Creator\3.3\PSoC Creator\psoc\content\cycomponentlibrary\CyComponentLibrary.cylib\CortexM3\ARM_GCC_493\Debug\CyComponentLibrary.a
END GROUP
START GROUP
LOAD c:/program files/cypress/psoc creator/3.3/psoc creator/import/gnu/arm/4.9.3/bin/../lib/gcc/arm-none-eabi/4.9.3/armv7-m\libgcc.a
LOAD c:/program files/cypress/psoc creator/3.3/psoc creator/import/gnu/arm/4.9.3/bin/../lib/gcc/arm-none-eabi/4.9.3/../../../../arm-none-eabi/lib/armv7-m\libg_nano.a
LOAD c:/program files/cypress/psoc creator/3.3/psoc creator/import/gnu/arm/4.9.3/bin/../lib/gcc/arm-none-eabi/4.9.3/../../../../arm-none-eabi/lib/armv7-m\libc_nano.a
END GROUP
START GROUP
LOAD c:/program files/cypress/psoc creator/3.3/psoc creator/import/gnu/arm/4.9.3/bin/../lib/gcc/arm-none-eabi/4.9.3/armv7-m\libgcc.a
LOAD c:/program files/cypress/psoc creator/3.3/psoc creator/import/gnu/arm/4.9.3/bin/../lib/gcc/arm-none-eabi/4.9.3/../../../../arm-none-eabi/lib/armv7-m\libc_nano.a
END GROUP
LOAD c:/program files/cypress/psoc creator/3.3/psoc creator/import/gnu/arm/4.9.3/bin/../lib/gcc/arm-none-eabi/4.9.3/armv7-m/crtend.o
LOAD c:/program files/cypress/psoc creator/3.3/psoc creator/import/gnu/arm/4.9.3/bin/../lib/gcc/arm-none-eabi/4.9.3/armv7-m/crtn.o
START GROUP
LOAD c:/program files/cypress/psoc creator/3.3/psoc creator/import/gnu/arm/4.9.3/bin/../lib/gcc/arm-none-eabi/4.9.3/armv7-m\libgcc.a
LOAD c:/program files/cypress/psoc creator/3.3/psoc creator/import/gnu/arm/4.9.3/bin/../lib/gcc/arm-none-eabi/4.9.3/../../../../arm-none-eabi/lib/armv7-m\libc.a
LOAD c:/program files/cypress/psoc creator/3.3/psoc creator/import/gnu/arm/4.9.3/bin/../lib/gcc/arm-none-eabi/4.9.3/../../../../arm-none-eabi/lib/armv7-m\libnosys.a
END GROUP
                0x00000000                CY_APPL_ORIGIN = 0x0
                0x00000100                CY_FLASH_ROW_SIZE = 0x100
                0x00000020                CY_ECC_ROW_SIZE = 0x20
                0x00000000                CY_EE_IN_BTLDR = 0x0
                0x00000000                CY_APPL_LOADABLE = 0x0
                0x00000800                CY_EE_SIZE = 0x800
                0x00000001                CY_APPL_NUM = 0x1
                0x00000001                CY_APPL_MAX = 0x1
                0x00000040                CY_METADATA_SIZE = 0x40
                0x1fff81d0                PROVIDE (__cy_heap_start, _end)
                0x00000001                PROVIDE (__cy_region_num, ((__cy_regions_end - __cy_regions) / 0x10))
                0x20008000                PROVIDE (__cy_stack, (ORIGIN (ram) + 0x10000))
                0x20007800                PROVIDE (__cy_heap_end, (__cy_stack - 0x800))

.cybootloader   0x00000000        0x0
 *(.cybootloader)
                0x00000000                appl1_start = CY_APPL_ORIGIN?CY_APPL_ORIGIN:ALIGN (CY_FLASH_ROW_SIZE)
                0x0001ff00                appl2_start = (appl1_start + ALIGN ((((0x40000 - appl1_start) - (0x2 * CY_FLASH_ROW_SIZE)) / 0x2), CY_FLASH_ROW_SIZE))
                0x00000000                appl_start = (CY_APPL_NUM == 0x1)?appl1_start:appl2_start
                0x00000000                ecc_offset = ((appl_start / CY_FLASH_ROW_SIZE) * CY_ECC_ROW_SIZE)
                0x00000000                ee_offset = (CY_APPL_LOADABLE && ! (CY_EE_IN_BTLDR))?((CY_EE_SIZE / CY_APPL_MAX) * (CY_APPL_NUM - 0x1)):0x0
                0x00000800                ee_size = (CY_APPL_LOADABLE && ! (CY_EE_IN_BTLDR))?(CY_EE_SIZE / CY_APPL_MAX):CY_EE_SIZE
                0x00000000                PROVIDE (CY_ECC_OFFSET, ecc_offset)

.text           0x00000000     0x2220
 CREATE_OBJECT_SYMBOLS
                0x00000000                PROVIDE (__cy_interrupt_vector, RomVectors)
 *(.romvectors)
 .romvectors    0x00000000       0x10 .\ARM_GCC_493\Debug\Cm3Start.o
                0x00000000                RomVectors
                0x00000001                ASSERT ((. != __cy_interrupt_vector), No interrupt vector)
                0x00000001                ASSERT (CY_APPL_ORIGIN?(SIZEOF (.cybootloader) <= CY_APPL_ORIGIN):0x1, Wrong image location)
                0x00000010                PROVIDE (__cy_reset, Reset)
 *(.text.Reset)
 .text.Reset    0x00000010       0x18 .\ARM_GCC_493\Debug\Cm3Start.o
                0x00000010                Reset
                0x00000001                ASSERT ((. != __cy_reset), No reset code)
 *(.dma_init)
                0x00000001                ASSERT ((((appl_start + .) <= 0x10000) || 0x1), DMA Init must be within the first 64k of flash)
 *(.text .text.* .gnu.linkonce.t.*)
 .text          0x00000028       0x5c c:/program files/cypress/psoc creator/3.3/psoc creator/import/gnu/arm/4.9.3/bin/../lib/gcc/arm-none-eabi/4.9.3/armv7-m/crtbegin.o
 .text.main     0x00000084      0x208 .\ARM_GCC_493\Debug\main.o
                0x00000084                main
 .text.IntDefaultHandler
                0x0000028c        0x8 .\ARM_GCC_493\Debug\Cm3Start.o
                0x0000028c                IntDefaultHandler
 .text._sbrk    0x00000294       0x50 .\ARM_GCC_493\Debug\Cm3Start.o
                0x00000294                _sbrk
 .text.Start_c  0x000002e4       0x98 .\ARM_GCC_493\Debug\Cm3Start.o
                0x000002e4                Start_c
 .text.initialize_psoc
                0x0000037c       0x8c .\ARM_GCC_493\Debug\Cm3Start.o
                0x0000037c                initialize_psoc
 .text.CYMEMZERO
                0x00000408       0x1c .\ARM_GCC_493\Debug\CE95277 ADC and UART.a(cyfitter_cfg.o)
 .text.CYCONFIGCPY
                0x00000424       0x1c .\ARM_GCC_493\Debug\CE95277 ADC and UART.a(cyfitter_cfg.o)
 .text.CyClockStartupError
                0x00000440        0xc .\ARM_GCC_493\Debug\CE95277 ADC and UART.a(cyfitter_cfg.o)
 .text.cfg_write_bytes32
                0x0000044c       0x74 .\ARM_GCC_493\Debug\CE95277 ADC and UART.a(cyfitter_cfg.o)
 .text.ClockSetup
                0x000004c0      0x158 .\ARM_GCC_493\Debug\CE95277 ADC and UART.a(cyfitter_cfg.o)
 .text.AnalogSetDefault
                0x00000618       0x58 .\ARM_GCC_493\Debug\CE95277 ADC and UART.a(cyfitter_cfg.o)
 .text.ADC_DelSig_1_AMux_Set
                0x00000670       0x40 .\ARM_GCC_493\Debug\CE95277 ADC and UART.a(cyfitter_cfg.o)
                0x00000670                ADC_DelSig_1_AMux_Set
 .text.ADC_DelSig_1_AMux_Unset
                0x000006b0       0x44 .\ARM_GCC_493\Debug\CE95277 ADC and UART.a(cyfitter_cfg.o)
                0x000006b0                ADC_DelSig_1_AMux_Unset
 .text.cyfitter_cfg
                0x000006f4      0x174 .\ARM_GCC_493\Debug\CE95277 ADC and UART.a(cyfitter_cfg.o)
                0x000006f4                cyfitter_cfg
 .text.ADC_DelSig_1_Init
                0x00000868      0x158 .\ARM_GCC_493\Debug\CE95277 ADC and UART.a(ADC_DelSig_1.o)
                0x00000868                ADC_DelSig_1_Init
 .text.ADC_DelSig_1_Enable
                0x000009c0      0x158 .\ARM_GCC_493\Debug\CE95277 ADC and UART.a(ADC_DelSig_1.o)
                0x000009c0                ADC_DelSig_1_Enable
 .text.ADC_DelSig_1_Start
                0x00000b18       0x30 .\ARM_GCC_493\Debug\CE95277 ADC and UART.a(ADC_DelSig_1.o)
                0x00000b18                ADC_DelSig_1_Start
 .text.ADC_DelSig_1_StartConvert
                0x00000b48       0x20 .\ARM_GCC_493\Debug\CE95277 ADC and UART.a(ADC_DelSig_1.o)
                0x00000b48                ADC_DelSig_1_StartConvert
 .text.ADC_DelSig_1_IsEndConversion
                0x00000b68       0x50 .\ARM_GCC_493\Debug\CE95277 ADC and UART.a(ADC_DelSig_1.o)
                0x00000b68                ADC_DelSig_1_IsEndConversion
 .text.ADC_DelSig_1_GetResult16
                0x00000bb8       0x7c .\ARM_GCC_493\Debug\CE95277 ADC and UART.a(ADC_DelSig_1.o)
                0x00000bb8                ADC_DelSig_1_GetResult16
 .text.ADC_DelSig_1_CountsTo_mVolts
                0x00000c34       0x40 .\ARM_GCC_493\Debug\CE95277 ADC and UART.a(ADC_DelSig_1.o)
                0x00000c34                ADC_DelSig_1_CountsTo_mVolts
 .text.ADC_DelSig_1_InitConfig
                0x00000c74      0x408 .\ARM_GCC_493\Debug\CE95277 ADC and UART.a(ADC_DelSig_1.o)
 .text.ADC_DelSig_1_GainCompensation
                0x0000107c      0x16c .\ARM_GCC_493\Debug\CE95277 ADC and UART.a(ADC_DelSig_1.o)
 .text.ADC_DelSig_1_SetDSMRef0Reg
                0x000011e8       0x78 .\ARM_GCC_493\Debug\CE95277 ADC and UART.a(ADC_DelSig_1.o)
 .text.ADC_DelSig_1_ISR1
                0x00001260        0xc .\ARM_GCC_493\Debug\CE95277 ADC and UART.a(ADC_DelSig_1_INT.o)
                0x00001260                ADC_DelSig_1_ISR1
 .text.ADC_DelSig_1_ISR2
                0x0000126c        0xc .\ARM_GCC_493\Debug\CE95277 ADC and UART.a(ADC_DelSig_1_INT.o)
                0x0000126c                ADC_DelSig_1_ISR2
 .text.ADC_DelSig_1_ISR3
                0x00001278        0xc .\ARM_GCC_493\Debug\CE95277 ADC and UART.a(ADC_DelSig_1_INT.o)
                0x00001278                ADC_DelSig_1_ISR3
 .text.ADC_DelSig_1_ISR4
                0x00001284        0xc .\ARM_GCC_493\Debug\CE95277 ADC and UART.a(ADC_DelSig_1_INT.o)
                0x00001284                ADC_DelSig_1_ISR4
 .text.UART_1_Start
                0x00001290       0x20 .\ARM_GCC_493\Debug\CE95277 ADC and UART.a(UART_1.o)
                0x00001290                UART_1_Start
 .text.UART_1_Init
                0x000012b0       0x40 .\ARM_GCC_493\Debug\CE95277 ADC and UART.a(UART_1.o)
                0x000012b0                UART_1_Init
 .text.UART_1_Enable
                0x000012f0       0x5c .\ARM_GCC_493\Debug\CE95277 ADC and UART.a(UART_1.o)
                0x000012f0                UART_1_Enable
 .text.UART_1_GetChar
                0x0000134c       0x44 .\ARM_GCC_493\Debug\CE95277 ADC and UART.a(UART_1.o)
                0x0000134c                UART_1_GetChar
 .text.UART_1_PutChar
                0x00001390       0x34 .\ARM_GCC_493\Debug\CE95277 ADC and UART.a(UART_1.o)
                0x00001390                UART_1_PutChar
 .text.UART_1_PutString
                0x000013c4       0x40 .\ARM_GCC_493\Debug\CE95277 ADC and UART.a(UART_1.o)
                0x000013c4                UART_1_PutString
 .text.ADC_DelSig_1_AMux_Start
                0x00001404       0x30 .\ARM_GCC_493\Debug\CE95277 ADC and UART.a(ADC_DelSig_1_AMux.o)
                0x00001404                ADC_DelSig_1_AMux_Start
 .text.ADC_DelSig_1_AMux_Select
                0x00001434       0x28 .\ARM_GCC_493\Debug\CE95277 ADC and UART.a(ADC_DelSig_1_AMux.o)
                0x00001434                ADC_DelSig_1_AMux_Select
 .text.ADC_DelSig_1_Ext_CP_Clk_SetDividerRegister
                0x0000145c      0x160 .\ARM_GCC_493\Debug\CE95277 ADC and UART.a(ADC_DelSig_1_Ext_CP_Clk.o)
                0x0000145c                ADC_DelSig_1_Ext_CP_Clk_SetDividerRegister
 .text.ADC_DelSig_1_Ext_CP_Clk_GetDividerRegister
                0x000015bc       0x18 .\ARM_GCC_493\Debug\CE95277 ADC and UART.a(ADC_DelSig_1_Ext_CP_Clk.o)
                0x000015bc                ADC_DelSig_1_Ext_CP_Clk_GetDividerRegister
 .text.ADC_DelSig_1_Ext_CP_Clk_SetModeRegister
                0x000015d4       0x34 .\ARM_GCC_493\Debug\CE95277 ADC and UART.a(ADC_DelSig_1_Ext_CP_Clk.o)
                0x000015d4                ADC_DelSig_1_Ext_CP_Clk_SetModeRegister
 .text.ADC_DelSig_1_Ext_CP_Clk_GetSourceRegister
                0x00001608       0x20 .\ARM_GCC_493\Debug\CE95277 ADC and UART.a(ADC_DelSig_1_Ext_CP_Clk.o)
                0x00001608                ADC_DelSig_1_Ext_CP_Clk_GetSourceRegister
 .text.ADC_DelSig_1_theACLK_SetDividerRegister
                0x00001628      0x160 .\ARM_GCC_493\Debug\CE95277 ADC and UART.a(ADC_DelSig_1_theACLK.o)
                0x00001628                ADC_DelSig_1_theACLK_SetDividerRegister
 .text.ADC_DelSig_1_theACLK_GetDividerRegister
                0x00001788       0x18 .\ARM_GCC_493\Debug\CE95277 ADC and UART.a(ADC_DelSig_1_theACLK.o)
                0x00001788                ADC_DelSig_1_theACLK_GetDividerRegister
 .text.ADC_DelSig_1_theACLK_SetModeRegister
                0x000017a0       0x34 .\ARM_GCC_493\Debug\CE95277 ADC and UART.a(ADC_DelSig_1_theACLK.o)
                0x000017a0                ADC_DelSig_1_theACLK_SetModeRegister
 .text.ADC_DelSig_1_theACLK_GetSourceRegister
                0x000017d4       0x20 .\ARM_GCC_493\Debug\CE95277 ADC and UART.a(ADC_DelSig_1_theACLK.o)
                0x000017d4                ADC_DelSig_1_theACLK_GetSourceRegister
 .text.UART_1_IntClock_Start
                0x000017f4       0x34 .\ARM_GCC_493\Debug\CE95277 ADC and UART.a(UART_1_IntClock.o)
                0x000017f4                UART_1_IntClock_Start
 .text          0x00001828       0x58 .\ARM_GCC_493\Debug\CE95277 ADC and UART.a(CyBootAsmGnu.o)
                0x00001828                CyDelayCycles
                0x00001866                CyEnterCriticalSection
                0x0000186e                CyExitCriticalSection
 .text.CyHalt   0x00001880       0x18 .\ARM_GCC_493\Debug\CE95277 ADC and UART.a(CyLib.o)
                0x00001880                CyHalt
 .text.CyDelayUs
                0x00001898       0x24 .\ARM_GCC_493\Debug\CE95277 ADC and UART.a(CyLib.o)
                0x00001898                CyDelayUs
 .text.CyIntSetVector
                0x000018bc       0x50 .\ARM_GCC_493\Debug\CE95277 ADC and UART.a(CyLib.o)
                0x000018bc                CyIntSetVector
 .text.CyIntSetPriority
                0x0000190c       0x44 .\ARM_GCC_493\Debug\CE95277 ADC and UART.a(CyLib.o)
                0x0000190c                CyIntSetPriority
 .text.led_Write
                0x00001950       0x3c .\ARM_GCC_493\Debug\CE95277 ADC and UART.a(led.o)
                0x00001950                led_Write
 .text.__errno  0x0000198c        0xc c:/program files/cypress/psoc creator/3.3/psoc creator/import/gnu/arm/4.9.3/bin/../lib/gcc/arm-none-eabi/4.9.3/../../../../arm-none-eabi/lib/armv7-m\libg_nano.a(lib_a-errno.o)
                0x0000198c                __errno
 .text.__libc_init_array
                0x00001998       0x4c c:/program files/cypress/psoc creator/3.3/psoc creator/import/gnu/arm/4.9.3/bin/../lib/gcc/arm-none-eabi/4.9.3/../../../../arm-none-eabi/lib/armv7-m\libg_nano.a(lib_a-init.o)
                0x00001998                __libc_init_array
 .text.memcpy   0x000019e4       0x16 c:/program files/cypress/psoc creator/3.3/psoc creator/import/gnu/arm/4.9.3/bin/../lib/gcc/arm-none-eabi/4.9.3/../../../../arm-none-eabi/lib/armv7-m\libg_nano.a(lib_a-memcpy.o)
                0x000019e4                memcpy
 .text.memset   0x000019fa       0x10 c:/program files/cypress/psoc creator/3.3/psoc creator/import/gnu/arm/4.9.3/bin/../lib/gcc/arm-none-eabi/4.9.3/../../../../arm-none-eabi/lib/armv7-m\libg_nano.a(lib_a-memset.o)
                0x000019fa                memset
 *fill*         0x00001a0a        0x2 
 .text.sprintf  0x00001a0c       0x48 c:/program files/cypress/psoc creator/3.3/psoc creator/import/gnu/arm/4.9.3/bin/../lib/gcc/arm-none-eabi/4.9.3/../../../../arm-none-eabi/lib/armv7-m\libg_nano.a(lib_a-sprintf.o)
                0x00001a0c                siprintf
                0x00001a0c                sprintf
 .text.__ssputs_r
                0x00001a54       0xb2 c:/program files/cypress/psoc creator/3.3/psoc creator/import/gnu/arm/4.9.3/bin/../lib/gcc/arm-none-eabi/4.9.3/../../../../arm-none-eabi/lib/armv7-m\libg_nano.a(lib_a-nano-svfprintf.o)
                0x00001a54                __ssputs_r
 *fill*         0x00001b06        0x2 
 .text._svfprintf_r
                0x00001b08      0x1e4 c:/program files/cypress/psoc creator/3.3/psoc creator/import/gnu/arm/4.9.3/bin/../lib/gcc/arm-none-eabi/4.9.3/../../../../arm-none-eabi/lib/armv7-m\libg_nano.a(lib_a-nano-svfprintf.o)
                0x00001b08                _svfiprintf_r
                0x00001b08                _svfprintf_r
 .text._printf_common
                0x00001cec       0xea c:/program files/cypress/psoc creator/3.3/psoc creator/import/gnu/arm/4.9.3/bin/../lib/gcc/arm-none-eabi/4.9.3/../../../../arm-none-eabi/lib/armv7-m\libg_nano.a(lib_a-nano-vfprintf_i.o)
                0x00001cec                _printf_common
 *fill*         0x00001dd6        0x2 
 .text._printf_i
                0x00001dd8      0x240 c:/program files/cypress/psoc creator/3.3/psoc creator/import/gnu/arm/4.9.3/bin/../lib/gcc/arm-none-eabi/4.9.3/../../../../arm-none-eabi/lib/armv7-m\libg_nano.a(lib_a-nano-vfprintf_i.o)
                0x00001dd8                _printf_i
 .text.memchr   0x00002018       0x1c c:/program files/cypress/psoc creator/3.3/psoc creator/import/gnu/arm/4.9.3/bin/../lib/gcc/arm-none-eabi/4.9.3/../../../../arm-none-eabi/lib/armv7-m\libg_nano.a(lib_a-memchr.o)
                0x00002018                memchr
 .text.memmove  0x00002034       0x36 c:/program files/cypress/psoc creator/3.3/psoc creator/import/gnu/arm/4.9.3/bin/../lib/gcc/arm-none-eabi/4.9.3/../../../../arm-none-eabi/lib/armv7-m\libg_nano.a(lib_a-memmove.o)
                0x00002034                memmove
 *fill*         0x0000206a        0x2 
 .text._free_r  0x0000206c       0x88 c:/program files/cypress/psoc creator/3.3/psoc creator/import/gnu/arm/4.9.3/bin/../lib/gcc/arm-none-eabi/4.9.3/../../../../arm-none-eabi/lib/armv7-m\libg_nano.a(lib_a-nano-freer.o)
                0x0000206c                _free_r
 .text._malloc_r
                0x000020f4       0xac c:/program files/cypress/psoc creator/3.3/psoc creator/import/gnu/arm/4.9.3/bin/../lib/gcc/arm-none-eabi/4.9.3/../../../../arm-none-eabi/lib/armv7-m\libg_nano.a(lib_a-nano-mallocr.o)
                0x000020f4                _malloc_r
 .text._realloc_r
                0x000021a0       0x4c c:/program files/cypress/psoc creator/3.3/psoc creator/import/gnu/arm/4.9.3/bin/../lib/gcc/arm-none-eabi/4.9.3/../../../../arm-none-eabi/lib/armv7-m\libg_nano.a(lib_a-nano-reallocr.o)
                0x000021a0                _realloc_r
 .text._sbrk_r  0x000021ec       0x20 c:/program files/cypress/psoc creator/3.3/psoc creator/import/gnu/arm/4.9.3/bin/../lib/gcc/arm-none-eabi/4.9.3/../../../../arm-none-eabi/lib/armv7-m\libg_nano.a(lib_a-sbrkr.o)
                0x000021ec                _sbrk_r
 .text._malloc_usable_size_r
                0x0000220c       0x14 c:/program files/cypress/psoc creator/3.3/psoc creator/import/gnu/arm/4.9.3/bin/../lib/gcc/arm-none-eabi/4.9.3/../../../../arm-none-eabi/lib/armv7-m\libg_nano.a(lib_a-nano-msizer.o)
                0x0000220c                _malloc_usable_size_r
 *(.plt)
 *(.gnu.warning)
 *(.glue_7t)
 .glue_7t       0x00000000        0x0 linker stubs
 *(.glue_7)
 .glue_7        0x00000000        0x0 linker stubs
 *(.vfp11_veneer)
 .vfp11_veneer  0x00000000        0x0 linker stubs
 *(.bootloader)
 *(.ARM.extab* .gnu.linkonce.armextab.*)
 *(.gcc_except_table)

.v4_bx          0x00002220        0x0
 .v4_bx         0x00000000        0x0 linker stubs

.iplt           0x00002220        0x0
 .iplt          0x00000000        0x0 c:/program files/cypress/psoc creator/3.3/psoc creator/import/gnu/arm/4.9.3/bin/../lib/gcc/arm-none-eabi/4.9.3/armv7-m/crtbegin.o

.eh_frame_hdr
 *(.eh_frame_hdr)

.eh_frame       0x00002220        0x4
 *(.eh_frame)
 .eh_frame      0x00002220        0x0 c:/program files/cypress/psoc creator/3.3/psoc creator/import/gnu/arm/4.9.3/bin/../lib/gcc/arm-none-eabi/4.9.3/armv7-m/crtbegin.o
 .eh_frame      0x00002220        0x4 c:/program files/cypress/psoc creator/3.3/psoc creator/import/gnu/arm/4.9.3/bin/../lib/gcc/arm-none-eabi/4.9.3/armv7-m/crtend.o
                0x00002224                PROVIDE (__exidx_start, .)

.ARM.exidx
 *(.ARM.exidx* .gnu.linkonce.armexidx.*)
                0x00002224                __exidx_end = .

.rodata         0x00002224       0xfc
 *(.rodata .rodata.* .gnu.linkonce.r.*)
 .rodata        0x00002224       0x3c .\ARM_GCC_493\Debug\main.o
 .rodata        0x00002260       0x50 .\ARM_GCC_493\Debug\CE95277 ADC and UART.a(cyfitter_cfg.o)
                0x00002260                ADC_DelSig_1_AMux__addrTable
                0x00002268                ADC_DelSig_1_AMux__maskTable
 .rodata.str1.1
                0x000022b0        0x2 c:/program files/cypress/psoc creator/3.3/psoc creator/import/gnu/arm/4.9.3/bin/../lib/gcc/arm-none-eabi/4.9.3/../../../../arm-none-eabi/lib/armv7-m\libg_nano.a(lib_a-impure.o)
 .rodata.str1.1
                0x000022b2       0x11 c:/program files/cypress/psoc creator/3.3/psoc creator/import/gnu/arm/4.9.3/bin/../lib/gcc/arm-none-eabi/4.9.3/../../../../arm-none-eabi/lib/armv7-m\libg_nano.a(lib_a-nano-svfprintf.o)
 .rodata.str1.1
                0x000022c3       0x22 c:/program files/cypress/psoc creator/3.3/psoc creator/import/gnu/arm/4.9.3/bin/../lib/gcc/arm-none-eabi/4.9.3/../../../../arm-none-eabi/lib/armv7-m\libg_nano.a(lib_a-nano-vfprintf_i.o)
                0x000022e8                . = ALIGN (0x4)
 *fill*         0x000022e5        0x3 
 *(.init)
 .init          0x000022e8        0x4 c:/program files/cypress/psoc creator/3.3/psoc creator/import/gnu/arm/4.9.3/bin/../lib/gcc/arm-none-eabi/4.9.3/armv7-m/crti.o
                0x000022e8                _init
 .init          0x000022ec        0x8 c:/program files/cypress/psoc creator/3.3/psoc creator/import/gnu/arm/4.9.3/bin/../lib/gcc/arm-none-eabi/4.9.3/armv7-m/crtn.o
                0x000022f4                . = ALIGN (0x4)
                0x000022f4                __preinit_array_start = .
 *(.preinit_array)
                0x000022f4                __preinit_array_end = .
                0x000022f4                . = ALIGN (0x4)
                0x000022f4                __init_array_start = .
 *(SORT(.init_array.*))
 *(.init_array)
 .init_array    0x000022f4        0x4 c:/program files/cypress/psoc creator/3.3/psoc creator/import/gnu/arm/4.9.3/bin/../lib/gcc/arm-none-eabi/4.9.3/armv7-m/crtbegin.o
 .init_array    0x000022f8        0x4 .\ARM_GCC_493\Debug\Cm3Start.o
                0x000022fc                __init_array_end = .
                0x000022fc                . = ALIGN (0x4)
 *(.fini)
 .fini          0x000022fc        0x4 c:/program files/cypress/psoc creator/3.3/psoc creator/import/gnu/arm/4.9.3/bin/../lib/gcc/arm-none-eabi/4.9.3/armv7-m/crti.o
                0x000022fc                _fini
 .fini          0x00002300        0x8 c:/program files/cypress/psoc creator/3.3/psoc creator/import/gnu/arm/4.9.3/bin/../lib/gcc/arm-none-eabi/4.9.3/armv7-m/crtn.o
                0x00002308                . = ALIGN (0x4)
                0x00002308                __fini_array_start = .
 *(.fini_array)
 .fini_array    0x00002308        0x4 c:/program files/cypress/psoc creator/3.3/psoc creator/import/gnu/arm/4.9.3/bin/../lib/gcc/arm-none-eabi/4.9.3/armv7-m/crtbegin.o
 *(SORT(.fini_array.*))
                0x0000230c                __fini_array_end = .
                0x0000230c                . = ALIGN (0x4)
 *crtbegin.o(.ctors)
 *(EXCLUDE_FILE(*crtend.o) .ctors)
 *(SORT(.ctors.*))
 *crtend.o(.ctors)
                0x0000230c                . = ALIGN (0x4)
 *crtbegin.o(.dtors)
 *(EXCLUDE_FILE(*crtend.o) .dtors)
 *(SORT(.dtors.*))
 *crtend.o(.dtors)
                0x0000230c                . = ALIGN (0x4)
                0x0000230c                __cy_regions = .
                0x0000230c        0x4 LONG 0x2320 __cy_region_init_ram
                0x00002310        0x4 LONG 0x1fff8108 __cy_region_start_data
                0x00002314        0x4 LONG 0x80 __cy_region_init_size_ram
                0x00002318        0x4 LONG 0x48 __cy_region_zero_size_ram
                0x0000231c                __cy_regions_end = .
                0x00002320                . = ALIGN (0x8)
 *fill*         0x0000231c        0x4 
                0x00002320                _etext = .

.ramvectors     0x1fff8000      0x100
                0x1fff8000                __cy_region_start_ram = .
 *(.ramvectors)
 .ramvectors    0x1fff8000      0x100 .\ARM_GCC_493\Debug\Cm3Start.o
                0x1fff8000                CyRamVectors

.noinit         0x1fff8100        0x5
 *(.noinit)
 .noinit        0x1fff8100        0x4 .\ARM_GCC_493\Debug\Cm3Start.o
 .noinit        0x1fff8104        0x1 .\ARM_GCC_493\Debug\CE95277 ADC and UART.a(CyLib.o)
                0x1fff8104                CyResetStatus

.data           0x1fff8108       0x80 load address 0x00002320
                0x1fff8108                __cy_region_start_data = .
 *(.jcr)
 .jcr           0x1fff8108        0x0 c:/program files/cypress/psoc creator/3.3/psoc creator/import/gnu/arm/4.9.3/bin/../lib/gcc/arm-none-eabi/4.9.3/armv7-m/crtbegin.o
 .jcr           0x1fff8108        0x4 c:/program files/cypress/psoc creator/3.3/psoc creator/import/gnu/arm/4.9.3/bin/../lib/gcc/arm-none-eabi/4.9.3/armv7-m/crtend.o
 *(.got.plt)
 *(.got)
 *(.shdata)
 *(.data .data.* .gnu.linkonce.d.*)
 .data          0x1fff810c        0x4 .\ARM_GCC_493\Debug\Cm3Start.o
 .data          0x1fff8110        0x1 .\ARM_GCC_493\Debug\CE95277 ADC and UART.a(ADC_DelSig_1.o)
                0x1fff8110                ADC_DelSig_1_Config
 .data          0x1fff8111        0x1 .\ARM_GCC_493\Debug\CE95277 ADC and UART.a(ADC_DelSig_1_AMux.o)
 *fill*         0x1fff8112        0x2 
 .data          0x1fff8114       0x10 .\ARM_GCC_493\Debug\CE95277 ADC and UART.a(CyLib.o)
                0x1fff8114                cydelay_freq_hz
                0x1fff8118                cydelay_freq_khz
                0x1fff811c                cydelay_freq_mhz
                0x1fff8120                cydelay_32k_ms
 .data.impure_data
                0x1fff8124       0x60 c:/program files/cypress/psoc creator/3.3/psoc creator/import/gnu/arm/4.9.3/bin/../lib/gcc/arm-none-eabi/4.9.3/../../../../arm-none-eabi/lib/armv7-m\libg_nano.a(lib_a-impure.o)
 .data._impure_ptr
                0x1fff8184        0x4 c:/program files/cypress/psoc creator/3.3/psoc creator/import/gnu/arm/4.9.3/bin/../lib/gcc/arm-none-eabi/4.9.3/../../../../arm-none-eabi/lib/armv7-m\libg_nano.a(lib_a-impure.o)
                0x1fff8184                _impure_ptr
                0x1fff8188                . = ALIGN (0x8)
 *(.ram)
                0x1fff8188                _edata = .

.igot.plt       0x1fff8188        0x0 load address 0x000023a0
 .igot.plt      0x00000000        0x0 c:/program files/cypress/psoc creator/3.3/psoc creator/import/gnu/arm/4.9.3/bin/../lib/gcc/arm-none-eabi/4.9.3/armv7-m/crtbegin.o

.bss            0x1fff8188       0x48 load address 0x000023a0
                0x1fff8188                PROVIDE (__bss_start__, .)
 *(.shbss)
 *(.bss .bss.* .gnu.linkonce.b.*)
 .bss           0x1fff8188       0x1c c:/program files/cypress/psoc creator/3.3/psoc creator/import/gnu/arm/4.9.3/bin/../lib/gcc/arm-none-eabi/4.9.3/armv7-m/crtbegin.o
 .bss           0x1fff81a4       0x14 .\ARM_GCC_493\Debug\CE95277 ADC and UART.a(ADC_DelSig_1.o)
                0x1fff81a4                ADC_DelSig_1_convDone
                0x1fff81a5                ADC_DelSig_1_stopConversion
                0x1fff81a6                ADC_DelSig_1_initVar
                0x1fff81a7                ADC_DelSig_1_started
 .bss           0x1fff81b8        0x2 .\ARM_GCC_493\Debug\CE95277 ADC and UART.a(UART_1.o)
                0x1fff81b8                UART_1_initVar
 *fill*         0x1fff81ba        0x2 
 .bss.__malloc_sbrk_start
                0x1fff81bc        0x4 c:/program files/cypress/psoc creator/3.3/psoc creator/import/gnu/arm/4.9.3/bin/../lib/gcc/arm-none-eabi/4.9.3/../../../../arm-none-eabi/lib/armv7-m\libg_nano.a(lib_a-nano-mallocr.o)
                0x1fff81bc                __malloc_sbrk_start
 .bss.__malloc_free_list
                0x1fff81c0        0x4 c:/program files/cypress/psoc creator/3.3/psoc creator/import/gnu/arm/4.9.3/bin/../lib/gcc/arm-none-eabi/4.9.3/../../../../arm-none-eabi/lib/armv7-m\libg_nano.a(lib_a-nano-mallocr.o)
                0x1fff81c0                __malloc_free_list
 *(COMMON)
 COMMON         0x1fff81c4        0x8 .\ARM_GCC_493\Debug\CE95277 ADC and UART.a(ADC_DelSig_1.o)
                0x1fff81c4                ADC_DelSig_1_CountsPerVolt
                0x1fff81c8                ADC_DelSig_1_Offset
 COMMON         0x1fff81cc        0x4 c:/program files/cypress/psoc creator/3.3/psoc creator/import/gnu/arm/4.9.3/bin/../lib/gcc/arm-none-eabi/4.9.3/../../../../arm-none-eabi/lib/armv7-m\libg_nano.a(lib_a-reent.o)
                0x1fff81cc                errno
                0x1fff81d0                . = ALIGN (0x8)
 *(.ram.b)
                0x1fff81d0                _end = .
                0x1fff81d0                __end = .
                0x1fff81d0                PROVIDE (end, .)
                0x1fff81d0                PROVIDE (__bss_end__, .)
                0x00002320                __cy_region_init_ram = LOADADDR (.data)
                0x00000080                __cy_region_init_size_ram = (_edata - ADDR (.data))
                0x00000048                __cy_region_zero_size_ram = (_end - _edata)

.heap           0x1fff81d0       0x80 load address 0x000023a0
                0x1fff81d0                . = _end
                0x1fff8250                . = (. + 0x80)
 *fill*         0x1fff81d0       0x80 
                0x1fff8250                __cy_heap_limit = .

.stack          0x20007800      0x800
                0x20007800                __cy_stack_limit = .
                0x20008000                . = (. + 0x800)
 *fill*         0x20007800      0x800 
                0x00000001                ASSERT ((__cy_stack_limit >= __cy_heap_limit), region RAM overflowed with stack)

.cyloadermeta
 *(.cyloadermeta)

.cyloadablemeta
 *(.cyloadablemeta)

.cyconfigecc    0x80000000      0x348
 *(.cyconfigecc)
 .cyconfigecc   0x80000000      0x348 .\ARM_GCC_493\Debug\cymetadata.o
                0x80000000                cy_meta_configecc

.cycustnvl      0x90000000        0x4
 *(.cycustnvl)
 .cycustnvl     0x90000000        0x4 .\ARM_GCC_493\Debug\cymetadata.o
                0x90000000                cy_meta_custnvl

.cywolatch      0x90100000        0x4
 *(.cywolatch)
 .cywolatch     0x90100000        0x4 .\ARM_GCC_493\Debug\cymetadata.o
                0x90100000                cy_meta_wonvl

.cyeeprom       0x90200000        0x0
 *(.cyeeprom)
                0x00000001                ASSERT ((. <= ((0x90200000 + ee_offset) + ee_size)), .cyeeprom data will not fit in EEPROM)

.cyflashprotect
                0x90400000      0x100
 *(.cyflashprotect)
 .cyflashprotect
                0x90400000      0x100 .\ARM_GCC_493\Debug\cymetadata.o
                0x90400000                cy_meta_flashprotect

.cymeta         0x90500000        0xc
 *(.cymeta)
 .cymeta        0x90500000        0xc .\ARM_GCC_493\Debug\cymetadata.o
                0x90500000                cy_metadata

.rel.dyn        0x000023a0        0x0 load address 0x9050000c
 .rel.iplt      0x00000000        0x0 c:/program files/cypress/psoc creator/3.3/psoc creator/import/gnu/arm/4.9.3/bin/../lib/gcc/arm-none-eabi/4.9.3/armv7-m/crtbegin.o

.stab
 *(.stab)

.stabstr
 *(.stabstr)

.debug
 *(.debug)

.line
 *(.line)

.debug_srcinfo
 *(.debug_srcinfo)

.debug_sfnames
 *(.debug_sfnames)

.debug_aranges  0x00000000      0x910
 *(.debug_aranges)
 .debug_aranges
                0x00000000       0x20 .\ARM_GCC_493\Debug\main.o
 .debug_aranges
                0x00000020       0x18 .\ARM_GCC_493\Debug\cymetadata.o
 .debug_aranges
                0x00000038       0x48 .\ARM_GCC_493\Debug\Cm3Start.o
 .debug_aranges
                0x00000080       0x70 .\ARM_GCC_493\Debug\CE95277 ADC and UART.a(cyfitter_cfg.o)
 .debug_aranges
                0x000000f0       0xe8 .\ARM_GCC_493\Debug\CE95277 ADC and UART.a(ADC_DelSig_1.o)
 .debug_aranges
                0x000001d8       0x38 .\ARM_GCC_493\Debug\CE95277 ADC and UART.a(ADC_DelSig_1_INT.o)
 .debug_aranges
                0x00000210       0xf0 .\ARM_GCC_493\Debug\CE95277 ADC and UART.a(UART_1.o)
 .debug_aranges
                0x00000300       0x30 .\ARM_GCC_493\Debug\CE95277 ADC and UART.a(ADC_DelSig_1_AMux.o)
 .debug_aranges
                0x00000330       0x70 .\ARM_GCC_493\Debug\CE95277 ADC and UART.a(ADC_DelSig_1_Ext_CP_Clk.o)
 .debug_aranges
                0x000003a0       0x80 .\ARM_GCC_493\Debug\CE95277 ADC and UART.a(ADC_DelSig_1_theACLK.o)
 .debug_aranges
                0x00000420       0x70 .\ARM_GCC_493\Debug\CE95277 ADC and UART.a(UART_1_IntClock.o)
 .debug_aranges
                0x00000490       0x20 .\ARM_GCC_493\Debug\CE95277 ADC and UART.a(CyBootAsmGnu.o)
 .debug_aranges
                0x000004b0      0x298 .\ARM_GCC_493\Debug\CE95277 ADC and UART.a(CyLib.o)
 .debug_aranges
                0x00000748       0x98 .\ARM_GCC_493\Debug\CE95277 ADC and UART.a(cyPm.o)
 .debug_aranges
                0x000007e0       0x38 .\ARM_GCC_493\Debug\CE95277 ADC and UART.a(led.o)
 .debug_aranges
                0x00000818       0x80 .\ARM_GCC_493\Debug\CE95277 ADC and UART.a(CyFlash.o)
 .debug_aranges
                0x00000898       0x78 .\ARM_GCC_493\Debug\CE95277 ADC and UART.a(CySpc.o)

.debug_pubnames
 *(.debug_pubnames)

.debug_info     0x00000000     0x3cbe
 *(.debug_info .gnu.linkonce.wi.*)
 .debug_info    0x00000000      0x14c .\ARM_GCC_493\Debug\main.o
 .debug_info    0x0000014c      0x13a .\ARM_GCC_493\Debug\cymetadata.o
 .debug_info    0x00000286      0x317 .\ARM_GCC_493\Debug\Cm3Start.o
 .debug_info    0x0000059d      0x4ec .\ARM_GCC_493\Debug\CE95277 ADC and UART.a(cyfitter_cfg.o)
 .debug_info    0x00000a89      0x71e .\ARM_GCC_493\Debug\CE95277 ADC and UART.a(ADC_DelSig_1.o)
 .debug_info    0x000011a7       0xcc .\ARM_GCC_493\Debug\CE95277 ADC and UART.a(ADC_DelSig_1_INT.o)
 .debug_info    0x00001273      0x500 .\ARM_GCC_493\Debug\CE95277 ADC and UART.a(UART_1.o)
 .debug_info    0x00001773      0x109 .\ARM_GCC_493\Debug\CE95277 ADC and UART.a(ADC_DelSig_1_AMux.o)
 .debug_info    0x0000187c      0x25b .\ARM_GCC_493\Debug\CE95277 ADC and UART.a(ADC_DelSig_1_Ext_CP_Clk.o)
 .debug_info    0x00001ad7      0x297 .\ARM_GCC_493\Debug\CE95277 ADC and UART.a(ADC_DelSig_1_theACLK.o)
 .debug_info    0x00001d6e      0x25b .\ARM_GCC_493\Debug\CE95277 ADC and UART.a(UART_1_IntClock.o)
 .debug_info    0x00001fc9       0x88 .\ARM_GCC_493\Debug\CE95277 ADC and UART.a(CyBootAsmGnu.o)
 .debug_info    0x00002051      0xe31 .\ARM_GCC_493\Debug\CE95277 ADC and UART.a(CyLib.o)
 .debug_info    0x00002e82      0x55f .\ARM_GCC_493\Debug\CE95277 ADC and UART.a(cyPm.o)
 .debug_info    0x000033e1      0x11d .\ARM_GCC_493\Debug\CE95277 ADC and UART.a(led.o)
 .debug_info    0x000034fe      0x36a .\ARM_GCC_493\Debug\CE95277 ADC and UART.a(CyFlash.o)
 .debug_info    0x00003868      0x456 .\ARM_GCC_493\Debug\CE95277 ADC and UART.a(CySpc.o)

.debug_abbrev   0x00000000     0x1295
 *(.debug_abbrev)
 .debug_abbrev  0x00000000       0x97 .\ARM_GCC_493\Debug\main.o
 .debug_abbrev  0x00000097       0x66 .\ARM_GCC_493\Debug\cymetadata.o
 .debug_abbrev  0x000000fd      0x1b6 .\ARM_GCC_493\Debug\Cm3Start.o
 .debug_abbrev  0x000002b3      0x1ca .\ARM_GCC_493\Debug\CE95277 ADC and UART.a(cyfitter_cfg.o)
 .debug_abbrev  0x0000047d      0x19d .\ARM_GCC_493\Debug\CE95277 ADC and UART.a(ADC_DelSig_1.o)
 .debug_abbrev  0x0000061a       0x42 .\ARM_GCC_493\Debug\CE95277 ADC and UART.a(ADC_DelSig_1_INT.o)
 .debug_abbrev  0x0000065c      0x170 .\ARM_GCC_493\Debug\CE95277 ADC and UART.a(UART_1.o)
 .debug_abbrev  0x000007cc       0x6f .\ARM_GCC_493\Debug\CE95277 ADC and UART.a(ADC_DelSig_1_AMux.o)
 .debug_abbrev  0x0000083b      0x12a .\ARM_GCC_493\Debug\CE95277 ADC and UART.a(ADC_DelSig_1_Ext_CP_Clk.o)
 .debug_abbrev  0x00000965      0x12a .\ARM_GCC_493\Debug\CE95277 ADC and UART.a(ADC_DelSig_1_theACLK.o)
 .debug_abbrev  0x00000a8f      0x12a .\ARM_GCC_493\Debug\CE95277 ADC and UART.a(UART_1_IntClock.o)
 .debug_abbrev  0x00000bb9       0x14 .\ARM_GCC_493\Debug\CE95277 ADC and UART.a(CyBootAsmGnu.o)
 .debug_abbrev  0x00000bcd      0x217 .\ARM_GCC_493\Debug\CE95277 ADC and UART.a(CyLib.o)
 .debug_abbrev  0x00000de4      0x16e .\ARM_GCC_493\Debug\CE95277 ADC and UART.a(cyPm.o)
 .debug_abbrev  0x00000f52       0x9d .\ARM_GCC_493\Debug\CE95277 ADC and UART.a(led.o)
 .debug_abbrev  0x00000fef      0x12d .\ARM_GCC_493\Debug\CE95277 ADC and UART.a(CyFlash.o)
 .debug_abbrev  0x0000111c      0x179 .\ARM_GCC_493\Debug\CE95277 ADC and UART.a(CySpc.o)

.debug_line     0x00000000     0x2488
 *(.debug_line)
 .debug_line    0x00000000      0x187 .\ARM_GCC_493\Debug\main.o
 .debug_line    0x00000187       0x53 .\ARM_GCC_493\Debug\cymetadata.o
 .debug_line    0x000001da      0x1ce .\ARM_GCC_493\Debug\Cm3Start.o
 .debug_line    0x000003a8      0x244 .\ARM_GCC_493\Debug\CE95277 ADC and UART.a(cyfitter_cfg.o)
 .debug_line    0x000005ec      0x3d9 .\ARM_GCC_493\Debug\CE95277 ADC and UART.a(ADC_DelSig_1.o)
 .debug_line    0x000009c5       0x97 .\ARM_GCC_493\Debug\CE95277 ADC and UART.a(ADC_DelSig_1_INT.o)
 .debug_line    0x00000a5c      0x2e6 .\ARM_GCC_493\Debug\CE95277 ADC and UART.a(UART_1.o)
 .debug_line    0x00000d42       0xa8 .\ARM_GCC_493\Debug\CE95277 ADC and UART.a(ADC_DelSig_1_AMux.o)
 .debug_line    0x00000dea      0x1cb .\ARM_GCC_493\Debug\CE95277 ADC and UART.a(ADC_DelSig_1_Ext_CP_Clk.o)
 .debug_line    0x00000fb5      0x1ec .\ARM_GCC_493\Debug\CE95277 ADC and UART.a(ADC_DelSig_1_theACLK.o)
 .debug_line    0x000011a1      0x1c3 .\ARM_GCC_493\Debug\CE95277 ADC and UART.a(UART_1_IntClock.o)
 .debug_line    0x00001364       0x7f .\ARM_GCC_493\Debug\CE95277 ADC and UART.a(CyBootAsmGnu.o)
 .debug_line    0x000013e3      0x872 .\ARM_GCC_493\Debug\CE95277 ADC and UART.a(CyLib.o)
 .debug_line    0x00001c55      0x381 .\ARM_GCC_493\Debug\CE95277 ADC and UART.a(cyPm.o)
 .debug_line    0x00001fd6       0x94 .\ARM_GCC_493\Debug\CE95277 ADC and UART.a(led.o)
 .debug_line    0x0000206a      0x207 .\ARM_GCC_493\Debug\CE95277 ADC and UART.a(CyFlash.o)
 .debug_line    0x00002271      0x217 .\ARM_GCC_493\Debug\CE95277 ADC and UART.a(CySpc.o)

.debug_frame    0x00000000     0x27f4
 *(.debug_frame)
 .debug_frame   0x00000000       0x30 .\ARM_GCC_493\Debug\main.o
 .debug_frame   0x00000030       0xd8 .\ARM_GCC_493\Debug\Cm3Start.o
 .debug_frame   0x00000108      0x1bc .\ARM_GCC_493\Debug\CE95277 ADC and UART.a(cyfitter_cfg.o)
 .debug_frame   0x000002c4      0x40c .\ARM_GCC_493\Debug\CE95277 ADC and UART.a(ADC_DelSig_1.o)
 .debug_frame   0x000006d0       0xa0 .\ARM_GCC_493\Debug\CE95277 ADC and UART.a(ADC_DelSig_1_INT.o)
 .debug_frame   0x00000770      0x42c .\ARM_GCC_493\Debug\CE95277 ADC and UART.a(UART_1.o)
 .debug_frame   0x00000b9c       0x88 .\ARM_GCC_493\Debug\CE95277 ADC and UART.a(ADC_DelSig_1_AMux.o)
 .debug_frame   0x00000c24      0x1b4 .\ARM_GCC_493\Debug\CE95277 ADC and UART.a(ADC_DelSig_1_Ext_CP_Clk.o)
 .debug_frame   0x00000dd8      0x200 .\ARM_GCC_493\Debug\CE95277 ADC and UART.a(ADC_DelSig_1_theACLK.o)
 .debug_frame   0x00000fd8      0x1b4 .\ARM_GCC_493\Debug\CE95277 ADC and UART.a(UART_1_IntClock.o)
 .debug_frame   0x0000118c      0xbe8 .\ARM_GCC_493\Debug\CE95277 ADC and UART.a(CyLib.o)
 .debug_frame   0x00001d74      0x234 .\ARM_GCC_493\Debug\CE95277 ADC and UART.a(cyPm.o)
 .debug_frame   0x00001fa8       0xa8 .\ARM_GCC_493\Debug\CE95277 ADC and UART.a(led.o)
 .debug_frame   0x00002050      0x210 .\ARM_GCC_493\Debug\CE95277 ADC and UART.a(CyFlash.o)
 .debug_frame   0x00002260      0x1f8 .\ARM_GCC_493\Debug\CE95277 ADC and UART.a(CySpc.o)
 .debug_frame   0x00002458       0x20 c:/program files/cypress/psoc creator/3.3/psoc creator/import/gnu/arm/4.9.3/bin/../lib/gcc/arm-none-eabi/4.9.3/../../../../arm-none-eabi/lib/armv7-m\libg_nano.a(lib_a-errno.o)
 .debug_frame   0x00002478       0x28 c:/program files/cypress/psoc creator/3.3/psoc creator/import/gnu/arm/4.9.3/bin/../lib/gcc/arm-none-eabi/4.9.3/../../../../arm-none-eabi/lib/armv7-m\libg_nano.a(lib_a-exit.o)
 .debug_frame   0x000024a0       0x2c c:/program files/cypress/psoc creator/3.3/psoc creator/import/gnu/arm/4.9.3/bin/../lib/gcc/arm-none-eabi/4.9.3/../../../../arm-none-eabi/lib/armv7-m\libg_nano.a(lib_a-init.o)
 .debug_frame   0x000024cc       0x28 c:/program files/cypress/psoc creator/3.3/psoc creator/import/gnu/arm/4.9.3/bin/../lib/gcc/arm-none-eabi/4.9.3/../../../../arm-none-eabi/lib/armv7-m\libg_nano.a(lib_a-memcpy.o)
 .debug_frame   0x000024f4       0x20 c:/program files/cypress/psoc creator/3.3/psoc creator/import/gnu/arm/4.9.3/bin/../lib/gcc/arm-none-eabi/4.9.3/../../../../arm-none-eabi/lib/armv7-m\libg_nano.a(lib_a-memset.o)
 .debug_frame   0x00002514       0x70 c:/program files/cypress/psoc creator/3.3/psoc creator/import/gnu/arm/4.9.3/bin/../lib/gcc/arm-none-eabi/4.9.3/../../../../arm-none-eabi/lib/armv7-m\libg_nano.a(lib_a-sprintf.o)
 .debug_frame   0x00002584       0x8c c:/program files/cypress/psoc creator/3.3/psoc creator/import/gnu/arm/4.9.3/bin/../lib/gcc/arm-none-eabi/4.9.3/../../../../arm-none-eabi/lib/armv7-m\libg_nano.a(lib_a-nano-svfprintf.o)
 .debug_frame   0x00002610       0x58 c:/program files/cypress/psoc creator/3.3/psoc creator/import/gnu/arm/4.9.3/bin/../lib/gcc/arm-none-eabi/4.9.3/../../../../arm-none-eabi/lib/armv7-m\libg_nano.a(lib_a-nano-vfprintf_i.o)
 .debug_frame   0x00002668       0x28 c:/program files/cypress/psoc creator/3.3/psoc creator/import/gnu/arm/4.9.3/bin/../lib/gcc/arm-none-eabi/4.9.3/../../../../arm-none-eabi/lib/armv7-m\libg_nano.a(lib_a-memchr.o)
 .debug_frame   0x00002690       0x28 c:/program files/cypress/psoc creator/3.3/psoc creator/import/gnu/arm/4.9.3/bin/../lib/gcc/arm-none-eabi/4.9.3/../../../../arm-none-eabi/lib/armv7-m\libg_nano.a(lib_a-memmove.o)
 .debug_frame   0x000026b8       0x2c c:/program files/cypress/psoc creator/3.3/psoc creator/import/gnu/arm/4.9.3/bin/../lib/gcc/arm-none-eabi/4.9.3/../../../../arm-none-eabi/lib/armv7-m\libg_nano.a(lib_a-nano-freer.o)
 .debug_frame   0x000026e4       0x2c c:/program files/cypress/psoc creator/3.3/psoc creator/import/gnu/arm/4.9.3/bin/../lib/gcc/arm-none-eabi/4.9.3/../../../../arm-none-eabi/lib/armv7-m\libg_nano.a(lib_a-nano-mallocr.o)
 .debug_frame   0x00002710       0x3c c:/program files/cypress/psoc creator/3.3/psoc creator/import/gnu/arm/4.9.3/bin/../lib/gcc/arm-none-eabi/4.9.3/../../../../arm-none-eabi/lib/armv7-m\libg_nano.a(lib_a-nano-reallocr.o)
 .debug_frame   0x0000274c       0x2c c:/program files/cypress/psoc creator/3.3/psoc creator/import/gnu/arm/4.9.3/bin/../lib/gcc/arm-none-eabi/4.9.3/../../../../arm-none-eabi/lib/armv7-m\libg_nano.a(lib_a-sbrkr.o)
 .debug_frame   0x00002778       0x20 c:/program files/cypress/psoc creator/3.3/psoc creator/import/gnu/arm/4.9.3/bin/../lib/gcc/arm-none-eabi/4.9.3/../../../../arm-none-eabi/lib/armv7-m\libg_nano.a(lib_a-nano-msizer.o)
 .debug_frame   0x00002798       0x5c c:/program files/cypress/psoc creator/3.3/psoc creator/import/gnu/arm/4.9.3/bin/../lib/gcc/arm-none-eabi/4.9.3/../../../../arm-none-eabi/lib/armv7-m\libg_nano.a(lib_a-reent.o)

.debug_str      0x00000000     0x2111
 *(.debug_str)
 .debug_str     0x00000000      0x1a9 .\ARM_GCC_493\Debug\main.o
                                0x1f7 (size before relaxing)
 .debug_str     0x000001a9       0x77 .\ARM_GCC_493\Debug\cymetadata.o
                                0x1e2 (size before relaxing)
 .debug_str     0x00000220      0x137 .\ARM_GCC_493\Debug\Cm3Start.o
                                0x2c3 (size before relaxing)
 .debug_str     0x00000357      0x203 .\ARM_GCC_493\Debug\CE95277 ADC and UART.a(cyfitter_cfg.o)
                                0x394 (size before relaxing)
 .debug_str     0x0000055a      0x440 .\ARM_GCC_493\Debug\CE95277 ADC and UART.a(ADC_DelSig_1.o)
                                0x60f (size before relaxing)
 .debug_str     0x0000099a       0x74 .\ARM_GCC_493\Debug\CE95277 ADC and UART.a(ADC_DelSig_1_INT.o)
                                0x1d9 (size before relaxing)
 .debug_str     0x00000a0e      0x2a3 .\ARM_GCC_493\Debug\CE95277 ADC and UART.a(UART_1.o)
                                0x447 (size before relaxing)
 .debug_str     0x00000cb1       0x9e .\ARM_GCC_493\Debug\CE95277 ADC and UART.a(ADC_DelSig_1_AMux.o)
                                0x208 (size before relaxing)
 .debug_str     0x00000d4f      0x222 .\ARM_GCC_493\Debug\CE95277 ADC and UART.a(ADC_DelSig_1_Ext_CP_Clk.o)
                                0x3a6 (size before relaxing)
 .debug_str     0x00000f71      0x20a .\ARM_GCC_493\Debug\CE95277 ADC and UART.a(ADC_DelSig_1_theACLK.o)
                                0x3d7 (size before relaxing)
 .debug_str     0x0000117b      0x179 .\ARM_GCC_493\Debug\CE95277 ADC and UART.a(UART_1_IntClock.o)
                                0x346 (size before relaxing)
 .debug_str     0x000012f4      0x7f0 .\ARM_GCC_493\Debug\CE95277 ADC and UART.a(CyLib.o)
                                0x9be (size before relaxing)
 .debug_str     0x00001ae4      0x367 .\ARM_GCC_493\Debug\CE95277 ADC and UART.a(cyPm.o)
                                0x523 (size before relaxing)
 .debug_str     0x00001e4b       0x5e .\ARM_GCC_493\Debug\CE95277 ADC and UART.a(led.o)
                                0x1d0 (size before relaxing)
 .debug_str     0x00001ea9      0x147 .\ARM_GCC_493\Debug\CE95277 ADC and UART.a(CyFlash.o)
                                0x2e2 (size before relaxing)
 .debug_str     0x00001ff0      0x121 .\ARM_GCC_493\Debug\CE95277 ADC and UART.a(CySpc.o)
                                0x2df (size before relaxing)

.debug_loc
 *(.debug_loc)

.debug_macinfo
 *(.debug_macinfo)

.debug_ranges   0x00000000      0x7e8
 *(.debug_ranges)
 .debug_ranges  0x00000000       0x10 .\ARM_GCC_493\Debug\main.o
 .debug_ranges  0x00000010       0x38 .\ARM_GCC_493\Debug\Cm3Start.o
 .debug_ranges  0x00000048       0x60 .\ARM_GCC_493\Debug\CE95277 ADC and UART.a(cyfitter_cfg.o)
 .debug_ranges  0x000000a8       0xd8 .\ARM_GCC_493\Debug\CE95277 ADC and UART.a(ADC_DelSig_1.o)
 .debug_ranges  0x00000180       0x28 .\ARM_GCC_493\Debug\CE95277 ADC and UART.a(ADC_DelSig_1_INT.o)
 .debug_ranges  0x000001a8       0xe0 .\ARM_GCC_493\Debug\CE95277 ADC and UART.a(UART_1.o)
 .debug_ranges  0x00000288       0x20 .\ARM_GCC_493\Debug\CE95277 ADC and UART.a(ADC_DelSig_1_AMux.o)
 .debug_ranges  0x000002a8       0x60 .\ARM_GCC_493\Debug\CE95277 ADC and UART.a(ADC_DelSig_1_Ext_CP_Clk.o)
 .debug_ranges  0x00000308       0x70 .\ARM_GCC_493\Debug\CE95277 ADC and UART.a(ADC_DelSig_1_theACLK.o)
 .debug_ranges  0x00000378       0x60 .\ARM_GCC_493\Debug\CE95277 ADC and UART.a(UART_1_IntClock.o)
 .debug_ranges  0x000003d8      0x288 .\ARM_GCC_493\Debug\CE95277 ADC and UART.a(CyLib.o)
 .debug_ranges  0x00000660       0x88 .\ARM_GCC_493\Debug\CE95277 ADC and UART.a(cyPm.o)
 .debug_ranges  0x000006e8       0x28 .\ARM_GCC_493\Debug\CE95277 ADC and UART.a(led.o)
 .debug_ranges  0x00000710       0x70 .\ARM_GCC_493\Debug\CE95277 ADC and UART.a(CyFlash.o)
 .debug_ranges  0x00000780       0x68 .\ARM_GCC_493\Debug\CE95277 ADC and UART.a(CySpc.o)

.comment        0x00000000       0x70
 .comment       0x00000000       0x70 .\ARM_GCC_493\Debug\main.o
                                 0x71 (size before relaxing)
 .comment       0x00000000       0x71 .\ARM_GCC_493\Debug\cymetadata.o
 .comment       0x00000000       0x71 .\ARM_GCC_493\Debug\Cm3Start.o
 .comment       0x00000000       0x71 .\ARM_GCC_493\Debug\CE95277 ADC and UART.a(cyfitter_cfg.o)
 .comment       0x00000000       0x71 .\ARM_GCC_493\Debug\CE95277 ADC and UART.a(ADC_DelSig_1.o)
 .comment       0x00000000       0x71 .\ARM_GCC_493\Debug\CE95277 ADC and UART.a(ADC_DelSig_1_INT.o)
 .comment       0x00000000       0x71 .\ARM_GCC_493\Debug\CE95277 ADC and UART.a(UART_1.o)
 .comment       0x00000000       0x71 .\ARM_GCC_493\Debug\CE95277 ADC and UART.a(ADC_DelSig_1_AMux.o)
 .comment       0x00000000       0x71 .\ARM_GCC_493\Debug\CE95277 ADC and UART.a(ADC_DelSig_1_Ext_CP_Clk.o)
 .comment       0x00000000       0x71 .\ARM_GCC_493\Debug\CE95277 ADC and UART.a(ADC_DelSig_1_theACLK.o)
 .comment       0x00000000       0x71 .\ARM_GCC_493\Debug\CE95277 ADC and UART.a(UART_1_IntClock.o)
 .comment       0x00000000       0x71 .\ARM_GCC_493\Debug\CE95277 ADC and UART.a(CyLib.o)
 .comment       0x00000000       0x71 .\ARM_GCC_493\Debug\CE95277 ADC and UART.a(cyPm.o)
 .comment       0x00000000       0x71 .\ARM_GCC_493\Debug\CE95277 ADC and UART.a(led.o)
 .comment       0x00000000       0x71 .\ARM_GCC_493\Debug\CE95277 ADC and UART.a(CyFlash.o)
 .comment       0x00000000       0x71 .\ARM_GCC_493\Debug\CE95277 ADC and UART.a(CySpc.o)

.debug_weaknames
 *(.debug_weaknames)

.debug_funcnames
 *(.debug_funcnames)

.debug_typenames
 *(.debug_typenames)

.debug_varnames
 *(.debug_varnames)

.note.gnu.arm.ident
 *(.note.gnu.arm.ident)

.ARM.attributes
                0x00000000       0x29
 *(.ARM.attributes)
 .ARM.attributes
                0x00000000       0x1d c:/program files/cypress/psoc creator/3.3/psoc creator/import/gnu/arm/4.9.3/bin/../lib/gcc/arm-none-eabi/4.9.3/armv7-m/crti.o
 .ARM.attributes
                0x0000001d       0x2d c:/program files/cypress/psoc creator/3.3/psoc creator/import/gnu/arm/4.9.3/bin/../lib/gcc/arm-none-eabi/4.9.3/armv7-m/crtbegin.o
 .ARM.attributes
                0x0000004a       0x1b c:/program files/cypress/psoc creator/3.3/psoc creator/import/gnu/arm/4.9.3/bin/../lib/gcc/arm-none-eabi/4.9.3/../../../../arm-none-eabi/lib/armv7-m/crt0.o
 .ARM.attributes
                0x00000065       0x33 .\ARM_GCC_493\Debug\main.o
 .ARM.attributes
                0x00000098       0x33 .\ARM_GCC_493\Debug\cymetadata.o
 .ARM.attributes
                0x000000cb       0x33 .\ARM_GCC_493\Debug\Cm3Start.o
 .ARM.attributes
                0x000000fe       0x33 .\ARM_GCC_493\Debug\CE95277 ADC and UART.a(cyfitter_cfg.o)
 .ARM.attributes
                0x00000131       0x33 .\ARM_GCC_493\Debug\CE95277 ADC and UART.a(ADC_DelSig_1.o)
 .ARM.attributes
                0x00000164       0x33 .\ARM_GCC_493\Debug\CE95277 ADC and UART.a(ADC_DelSig_1_INT.o)
 .ARM.attributes
                0x00000197       0x33 .\ARM_GCC_493\Debug\CE95277 ADC and UART.a(UART_1.o)
 .ARM.attributes
                0x000001ca       0x33 .\ARM_GCC_493\Debug\CE95277 ADC and UART.a(ADC_DelSig_1_AMux.o)
 .ARM.attributes
                0x000001fd       0x33 .\ARM_GCC_493\Debug\CE95277 ADC and UART.a(ADC_DelSig_1_Ext_CP_Clk.o)
 .ARM.attributes
                0x00000230       0x33 .\ARM_GCC_493\Debug\CE95277 ADC and UART.a(ADC_DelSig_1_theACLK.o)
 .ARM.attributes
                0x00000263       0x33 .\ARM_GCC_493\Debug\CE95277 ADC and UART.a(UART_1_IntClock.o)
 .ARM.attributes
                0x00000296       0x21 .\ARM_GCC_493\Debug\CE95277 ADC and UART.a(CyBootAsmGnu.o)
 .ARM.attributes
                0x000002b7       0x33 .\ARM_GCC_493\Debug\CE95277 ADC and UART.a(CyLib.o)
 .ARM.attributes
                0x000002ea       0x33 .\ARM_GCC_493\Debug\CE95277 ADC and UART.a(cyPm.o)
 .ARM.attributes
                0x0000031d       0x33 .\ARM_GCC_493\Debug\CE95277 ADC and UART.a(led.o)
 .ARM.attributes
                0x00000350       0x33 .\ARM_GCC_493\Debug\CE95277 ADC and UART.a(CyFlash.o)
 .ARM.attributes
                0x00000383       0x33 .\ARM_GCC_493\Debug\CE95277 ADC and UART.a(CySpc.o)
 .ARM.attributes
                0x000003b6       0x1d c:/program files/cypress/psoc creator/3.3/psoc creator/import/gnu/arm/4.9.3/bin/../lib/gcc/arm-none-eabi/4.9.3/armv7-m\libgcc.a(_arm_addsubdf3.o)
 .ARM.attributes
                0x000003d3       0x1d c:/program files/cypress/psoc creator/3.3/psoc creator/import/gnu/arm/4.9.3/bin/../lib/gcc/arm-none-eabi/4.9.3/armv7-m\libgcc.a(_arm_cmpdf2.o)
 .ARM.attributes
                0x000003f0       0x1d c:/program files/cypress/psoc creator/3.3/psoc creator/import/gnu/arm/4.9.3/bin/../lib/gcc/arm-none-eabi/4.9.3/armv7-m\libgcc.a(_arm_addsubsf3.o)
 .ARM.attributes
                0x0000040d       0x1d c:/program files/cypress/psoc creator/3.3/psoc creator/import/gnu/arm/4.9.3/bin/../lib/gcc/arm-none-eabi/4.9.3/armv7-m\libgcc.a(_arm_muldivsf3.o)
 .ARM.attributes
                0x0000042a       0x1d c:/program files/cypress/psoc creator/3.3/psoc creator/import/gnu/arm/4.9.3/bin/../lib/gcc/arm-none-eabi/4.9.3/armv7-m\libgcc.a(_arm_fixunssfsi.o)
 .ARM.attributes
                0x00000447       0x2d c:/program files/cypress/psoc creator/3.3/psoc creator/import/gnu/arm/4.9.3/bin/../lib/gcc/arm-none-eabi/4.9.3/../../../../arm-none-eabi/lib/armv7-m\libg_nano.a(lib_a-errno.o)
 .ARM.attributes
                0x00000474       0x2d c:/program files/cypress/psoc creator/3.3/psoc creator/import/gnu/arm/4.9.3/bin/../lib/gcc/arm-none-eabi/4.9.3/../../../../arm-none-eabi/lib/armv7-m\libg_nano.a(lib_a-exit.o)
 .ARM.attributes
                0x000004a1       0x2d c:/program files/cypress/psoc creator/3.3/psoc creator/import/gnu/arm/4.9.3/bin/../lib/gcc/arm-none-eabi/4.9.3/../../../../arm-none-eabi/lib/armv7-m\libg_nano.a(lib_a-impure.o)
 .ARM.attributes
                0x000004ce       0x2d c:/program files/cypress/psoc creator/3.3/psoc creator/import/gnu/arm/4.9.3/bin/../lib/gcc/arm-none-eabi/4.9.3/../../../../arm-none-eabi/lib/armv7-m\libg_nano.a(lib_a-init.o)
 .ARM.attributes
                0x000004fb       0x2d c:/program files/cypress/psoc creator/3.3/psoc creator/import/gnu/arm/4.9.3/bin/../lib/gcc/arm-none-eabi/4.9.3/../../../../arm-none-eabi/lib/armv7-m\libg_nano.a(lib_a-memcpy.o)
 .ARM.attributes
                0x00000528       0x2d c:/program files/cypress/psoc creator/3.3/psoc creator/import/gnu/arm/4.9.3/bin/../lib/gcc/arm-none-eabi/4.9.3/../../../../arm-none-eabi/lib/armv7-m\libg_nano.a(lib_a-memset.o)
 .ARM.attributes
                0x00000555       0x2d c:/program files/cypress/psoc creator/3.3/psoc creator/import/gnu/arm/4.9.3/bin/../lib/gcc/arm-none-eabi/4.9.3/../../../../arm-none-eabi/lib/armv7-m\libg_nano.a(lib_a-sprintf.o)
 .ARM.attributes
                0x00000582       0x2d c:/program files/cypress/psoc creator/3.3/psoc creator/import/gnu/arm/4.9.3/bin/../lib/gcc/arm-none-eabi/4.9.3/../../../../arm-none-eabi/lib/armv7-m\libg_nano.a(lib_a-nano-svfprintf.o)
 .ARM.attributes
                0x000005af       0x2d c:/program files/cypress/psoc creator/3.3/psoc creator/import/gnu/arm/4.9.3/bin/../lib/gcc/arm-none-eabi/4.9.3/../../../../arm-none-eabi/lib/armv7-m\libg_nano.a(lib_a-nano-vfprintf_i.o)
 .ARM.attributes
                0x000005dc       0x2d c:/program files/cypress/psoc creator/3.3/psoc creator/import/gnu/arm/4.9.3/bin/../lib/gcc/arm-none-eabi/4.9.3/../../../../arm-none-eabi/lib/armv7-m\libg_nano.a(lib_a-memchr.o)
 .ARM.attributes
                0x00000609       0x2d c:/program files/cypress/psoc creator/3.3/psoc creator/import/gnu/arm/4.9.3/bin/../lib/gcc/arm-none-eabi/4.9.3/../../../../arm-none-eabi/lib/armv7-m\libg_nano.a(lib_a-memmove.o)
 .ARM.attributes
                0x00000636       0x2d c:/program files/cypress/psoc creator/3.3/psoc creator/import/gnu/arm/4.9.3/bin/../lib/gcc/arm-none-eabi/4.9.3/../../../../arm-none-eabi/lib/armv7-m\libg_nano.a(lib_a-nano-freer.o)
 .ARM.attributes
                0x00000663       0x2d c:/program files/cypress/psoc creator/3.3/psoc creator/import/gnu/arm/4.9.3/bin/../lib/gcc/arm-none-eabi/4.9.3/../../../../arm-none-eabi/lib/armv7-m\libg_nano.a(lib_a-nano-mallocr.o)
 .ARM.attributes
                0x00000690       0x2d c:/program files/cypress/psoc creator/3.3/psoc creator/import/gnu/arm/4.9.3/bin/../lib/gcc/arm-none-eabi/4.9.3/../../../../arm-none-eabi/lib/armv7-m\libg_nano.a(lib_a-nano-reallocr.o)
 .ARM.attributes
                0x000006bd       0x2d c:/program files/cypress/psoc creator/3.3/psoc creator/import/gnu/arm/4.9.3/bin/../lib/gcc/arm-none-eabi/4.9.3/../../../../arm-none-eabi/lib/armv7-m\libg_nano.a(lib_a-sbrkr.o)
 .ARM.attributes
                0x000006ea       0x2d c:/program files/cypress/psoc creator/3.3/psoc creator/import/gnu/arm/4.9.3/bin/../lib/gcc/arm-none-eabi/4.9.3/../../../../arm-none-eabi/lib/armv7-m\libg_nano.a(lib_a-nano-msizer.o)
 .ARM.attributes
                0x00000717       0x2d c:/program files/cypress/psoc creator/3.3/psoc creator/import/gnu/arm/4.9.3/bin/../lib/gcc/arm-none-eabi/4.9.3/../../../../arm-none-eabi/lib/armv7-m\libg_nano.a(lib_a-reent.o)
 .ARM.attributes
                0x00000744       0x2d c:/program files/cypress/psoc creator/3.3/psoc creator/import/gnu/arm/4.9.3/bin/../lib/gcc/arm-none-eabi/4.9.3/armv7-m/crtend.o
 .ARM.attributes
                0x00000771       0x1d c:/program files/cypress/psoc creator/3.3/psoc creator/import/gnu/arm/4.9.3/bin/../lib/gcc/arm-none-eabi/4.9.3/armv7-m/crtn.o

/DISCARD/
 *(.note.GNU-stack)
OUTPUT(.\ARM_GCC_493\Debug\CE95277 ADC and UART.elf elf32-littlearm)
